efi_console.c:586:28:efi_cout_enable_cursor	32	static
efi_console.c:544:28:efi_cout_set_cursor_position	64	static
efi_console.c:461:28:efi_cout_clear_screen	16	static
efi_console.c:432:28:efi_cout_set_attribute	32	static
efi_console.c:231:28:efi_cout_test_string	16	static
efi_console.c:517:28:efi_cout_reset	32	static
efi_console.c:1019:28:efi_cin_set_state	16	static
efi_console.c:142:28:efi_cout_output_string	64	static
efi_console.c:1100:28:efi_cin_unregister_key_notify	32	static
efi_console.c:905:13:efi_cin_empty_buffer	16	static
efi_console.c:1144:28:efi_cin_reset	32	static
efi_console.c:926:28:efi_cin_reset_ex	32	static
efi_console.c:1049:28:efi_cin_register_key_notify	48	static
efi_console.c:69:12:term_get_char	32	static
efi_console.c:488:28:efi_cout_set_mode	32	static
efi_console.c:386:28:efi_cout_query_mode	48	static
efi_console.c:635:6:set_shift_mask	0	static
efi_console.c:659:12:analyze_modifiers.constprop	48	static
efi_console.c:878:13:efi_cin_check	64	static
efi_console.c:1176:28:efi_cin_read_key_stroke	32	static
efi_console.c:1230:20:efi_console_timer_notify	16	static
efi_console.c:958:28:efi_cin_read_key_stroke_ex	32	static
efi_console.c:1244:20:efi_key_notify	16	static
efi_console.c:1258:14:efi_console_register	64	static
