efi_device_path.c:490:36:dp_size	0	static
efi_device_path.c:64:14:dp_alloc	48	static
efi_device_path.c:772:17:dp_part_size	48	static
efi_device_path.c:807:14:dp_part_node	208	static
efi_device_path.c:577:29:dp_fill	48	static
efi_device_path.c:872:14:dp_part_fill	64	static
efi_device_path.c:82:25:efi_dp_next	0	static
efi_device_path.c:100:5:efi_dp_match	32	static
efi_device_path.c:226:31:efi_dp_last_node	16	static
efi_device_path.c:240:13:efi_dp_instance_size	16	static
efi_device_path.c:154:27:find_obj	96	static
efi_device_path.c:200:20:efi_dp_find_obj	32	static
efi_device_path.c:255:13:efi_dp_size	0	static
efi_device_path.c:269:25:efi_dp_dup	48	static
efi_device_path.c:301:18:efi_dp_append_or_concatenate	96	static
efi_device_path.c:351:25:efi_dp_append	0	static
efi_device_path.c:367:25:efi_dp_concat	0	static
efi_device_path.c:373:25:efi_dp_append_node	48	static
efi_device_path.c:405:25:efi_dp_create_device_node	48	static
efi_device_path.c:423:25:efi_dp_append_instance	64	static
efi_device_path.c:450:25:efi_dp_get_next_instance	64	static
efi_device_path.c:475:6:efi_dp_is_multi_instance	0	static
efi_device_path.c:912:25:efi_dp_from_part	48	static
efi_device_path.c:934:25:efi_dp_part_node	48	static
efi_device_path.c:986:25:efi_dp_from_file	80	static
efi_device_path.c:1023:25:efi_dp_from_uart	32	static
efi_device_path.c:1046:25:efi_dp_from_eth	32	static
efi_device_path.c:1089:25:efi_dp_from_mem	48	static
efi_device_path.c:1126:14:efi_dp_split_file_path	64	static
efi_device_path.c:1166:14:efi_dp_from_name	208	static
efi_device_path.c:1230:9:efi_dp_check_length	0	static
efi_device_path.c:1268:18:efi_dp_from_lo	48	static
