efi_boottime.c:629:21:efi_is_event	0	static
efi_boottime.c:159:20:indent_string	32	static
efi_boottime.c:95:5:__efi_entry_check	16	static
efi_boottime.c:107:5:__efi_exit_check	16	static
efi_boottime.c:197:13:efi_process_event_queue	48	static
efi_boottime.c:229:13:efi_queue_event	0	static
efi_boottime.c:1408:21:efi_register_protocol_notify	48	static
efi_boottime.c:2754:20:efi_set_mem	32	static
efi_boottime.c:2735:20:efi_copy_mem	32	static
efi_boottime.c:2708:28:efi_calculate_crc32	32	static
efi_boottime.c:2252:28:efi_set_watchdog_timer	16	static
efi_boottime.c:2198:28:efi_get_next_monotonic_count	16	static
efi_boottime.c:984:28:efi_close_event	80	static
efi_boottime.c:480:28:efi_free_pool_ext	16	static
efi_boottime.c:458:28:efi_allocate_pool_ext	32	static
efi_boottime.c:429:28:efi_get_memory_map_ext	32	static
efi_boottime.c:403:28:efi_free_pages_ext	32	static
efi_boottime.c:380:28:efi_allocate_pages_ext	32	static
efi_boottime.c:323:29:efi_raise_tpl	16	static
efi_boottime.c:125:6:efi_save_gd	0	static
efi_boottime.c:139:6:efi_restore_gd	16	static
efi_boottime.c:168:13:__efi_nesting	0	static
efi_boottime.c:173:13:__efi_nesting_inc	0	static
efi_boottime.c:178:13:__efi_nesting_dec	0	static
efi_boottime.c:261:14:is_valid_tpl	0	static
efi_boottime.c:283:6:efi_signal_event	48	static
efi_boottime.c:2104:28:efi_exit_boot_services	48	static
efi_boottime.c:964:28:efi_signal_event_ext	32	static
efi_boottime.c:497:6:efi_add_handle	0	static
efi_boottime.c:511:14:efi_create_handle	32	static
efi_boottime.c:659:14:efi_create_event	96	static
efi_boottime.c:734:21:efi_create_event_ex	32	static
efi_boottime.c:779:28:efi_create_event_ext	32	static
efi_boottime.c:801:6:efi_timer_check	48	static
efi_boottime.c:2225:28:efi_stall	32	static
efi_boottime.c:1031:28:efi_check_event	32	static
efi_boottime.c:905:28:efi_wait_for_event	64	static
efi_boottime.c:348:20:efi_restore_tpl	16	static
efi_boottime.c:839:14:efi_set_timer	48	static
efi_boottime.c:884:28:efi_set_timer_ext	32	static
efi_boottime.c:1053:20:efi_search_obj	0	static
efi_boottime.c:533:14:efi_search_protocol	48	static
efi_boottime.c:566:14:efi_remove_protocol	48	static
efi_boottime.c:2498:28:efi_locate_protocol	64	static
efi_boottime.c:2325:28:efi_open_protocol_information	80	static
efi_boottime.c:1502:21:efi_locate_handle	80	static
efi_boottime.c:2452:21:efi_locate_handle_buffer	80	static
efi_boottime.c:1795:28:efi_locate_device_path	144	static
efi_boottime.c:1593:28:efi_locate_handle_ext	32	static
efi_boottime.c:589:14:efi_remove_all_protocols	48	static
efi_boottime.c:614:6:efi_delete_handle	32	static
efi_boottime.c:2276:21:efi_close_protocol	80	static
efi_boottime.c:3045:21:efi_delete_image	48	static
efi_boottime.c:2388:28:efi_protocols_per_handle	48	static
efi_boottime.c:1110:14:efi_add_protocol	64	static
efi_boottime.c:1171:28:efi_install_protocol_interface	48	static
efi_boottime.c:1632:14:efi_install_configuration_table	80	static
efi_boottime.c:1692:28:efi_install_configuration_table_ext	32	static
efi_boottime.c:1714:14:efi_setup_loaded_image	64	static
efi_boottime.c:2771:14:efi_protocol_open	80	static
efi_boottime.c:2889:28:efi_open_protocol	64	static
efi_boottime.c:3596:28:efi_disconnect_controller	112	static
efi_boottime.c:1283:21:efi_disconnect_all_drivers	80	static
efi_boottime.c:1322:21:efi_uninstall_protocol	64	static
efi_boottime.c:1374:28:efi_uninstall_protocol_interface	48	static
efi_boottime.c:2570:21:efi_install_multiple_protocol_interfaces	192	static
efi_boottime.c:2644:28:efi_uninstall_multiple_protocol_interfaces	144	static
efi_boottime.c:2961:21:efi_start_image	192	static
efi_boottime.c:3098:21:efi_unload_image	48	static
efi_boottime.c:3283:21:efi_handle_protocol	0	static
efi_boottime.c:2010:21:efi_load_image	128	static
efi_boottime.c:3299:21:efi_bind_controller	80	static
efi_boottime.c:3417:28:efi_connect_controller	112	static
efi_boottime.c:3485:28:efi_reinstall_protocol_interface	64	static
efi_boottime.c:3192:28:efi_exit	80	static
efi_boottime.c:3758:14:efi_initialize_system_table	48	static
