device.c:781:24:_device_find_global_by_ofnode	48	static
device.c:298:14:alloc_priv	32	static
device.c:276:5:device_reparent	0	static
device.c:596:7:dev_get_plat	32	static
device.c:606:7:dev_get_parent_plat	32	static
device.c:616:7:dev_get_uclass_plat	32	static
device.c:37:12:device_bind_common.isra.11	112	static
device.c:235:5:device_bind_with_driver_data	0	static
device.c:244:5:device_bind	0	static
device.c:252:5:device_bind_by_name	64	static
device.c:626:7:dev_get_priv	32	static
device.c:636:7:dev_get_uclass_priv	32	static
device.c:646:7:dev_get_parent_priv	32	static
device.c:390:5:device_of_to_plat	48	static
device.c:482:5:device_probe	48	static
device.c:656:12:device_get_device_tail.part.10	32	static
device.c:700:5:device_get_child	0	static
device.c:713:5:device_get_child_count	0	static
device.c:724:5:device_find_child_by_seq	0	static
device.c:741:5:device_get_child_by_seq	32	static
device.c:753:5:device_find_child_by_of_offset	0	static
device.c:770:5:device_get_child_by_of_offset	32	static
device.c:798:5:device_find_global_by_ofnode	16	static
device.c:805:5:device_get_global_by_ofnode	16	static
device.c:833:5:device_find_first_child	0	static
device.c:845:5:device_find_next_child	0	static
device.c:860:5:device_find_first_inactive_child	0	static
device.c:878:5:device_find_first_child_by_uclass	0	static
device.c:895:5:device_find_child_by_name	48	static
device.c:912:5:device_first_child_err	32	static
device.c:923:5:device_next_child_err	32	static
device.c:934:5:device_first_child_ofdata_err	48	static
device.c:952:5:device_next_child_ofdata_err	48	static
device.c:970:17:dev_get_parent	0	static
device.c:975:7:dev_get_driver_data	0	static
device.c:980:13:dev_get_driver_ops	0	static
device.c:988:16:device_get_uclass_id	0	static
device.c:993:13:dev_get_uclass_name	0	static
device.c:1001:6:device_has_children	0	static
device.c:1006:6:device_has_active_children	32	static
device.c:1020:6:device_is_last_sibling	0	static
device.c:1029:6:device_set_name_alloced	0	static
device.c:1034:5:device_set_name	32	static
device.c:1045:6:dev_set_priv	0	static
device.c:1050:6:dev_set_parent_priv	0	static
device.c:1055:6:dev_set_uclass_priv	0	static
device.c:1060:6:dev_set_plat	0	static
device.c:1065:6:dev_set_parent_plat	0	static
device.c:1070:6:dev_set_uclass_plat	0	static
device.c:1076:6:device_is_compatible	16	static
device.c:1081:6:of_machine_is_compatible	16	static
device.c:1088:5:dev_disable_by_path	16	static
device.c:1118:5:dev_enable_by_path	16	static
