ofnode.c:34:5:ofnode_read_u32_index	48	static
ofnode.c:21:5:ofnode_read_u32	0	static
ofnode.c:26:5:ofnode_read_u32_default	32	static
ofnode.c:65:5:ofnode_read_u32_index_default	32	static
ofnode.c:74:5:ofnode_read_s32_default	32	static
ofnode.c:82:5:ofnode_read_u64	48	static
ofnode.c:106:5:ofnode_read_u64_default	32	static
ofnode.c:128:13:ofnode_read_prop	48	static
ofnode.c:160:13:ofnode_read_string	48	static
ofnode.c:178:5:ofnode_read_size	32	static
ofnode.c:188:8:ofnode_find_subnode	16	static
ofnode.c:214:5:ofnode_read_u32_array	0	static
ofnode.c:574:12:decode_timing_property	48	static
ofnode.c:231:6:ofnode_is_enabled	16	static
ofnode.c:241:8:ofnode_first_subnode	16	static
ofnode.c:251:8:ofnode_next_subnode	16	static
ofnode.c:262:8:ofnode_get_parent	16	static
ofnode.c:276:13:ofnode_get_name	0	static
ofnode.c:289:5:ofnode_get_path	16	static
ofnode.c:314:8:ofnode_get_by_phandle	16	static
ofnode.c:398:5:ofnode_stringlist_search	16	static
ofnode.c:419:5:ofnode_read_string_index	48	static
ofnode.c:436:5:ofnode_read_string_count	0	static
ofnode.c:464:5:ofnode_parse_phandle_with_args	112	static
ofnode.c:496:5:ofnode_count_phandle_with_args	0	static
ofnode.c:508:8:ofnode_path	16	static
ofnode.c:516:13:ofnode_read_chosen_prop	48	static
ofnode.c:525:13:ofnode_read_chosen_string	0	static
ofnode.c:530:8:ofnode_get_chosen_node	16	static
ofnode.c:541:13:ofnode_read_aliases_prop	48	static
ofnode.c:550:8:ofnode_get_aliases_node	16	static
ofnode.c:563:5:ofnode_get_child_count	32	static
ofnode.c:662:13:ofnode_get_property	0	static
ofnode.c:114:6:ofnode_read_bool	16	static
ofnode.c:597:5:ofnode_decode_display_timing	48	static
ofnode.c:671:5:ofnode_get_first_property	32	static
ofnode.c:690:5:ofnode_get_next_property	32	static
ofnode.c:707:13:ofnode_get_property_by_prop	0	static
ofnode.c:719:6:ofnode_is_available	0	static
ofnode.c:728:12:ofnode_get_addr_size	0	static
ofnode.c:754:16:ofnode_read_u8_array_ptr	0	static
ofnode.c:772:5:ofnode_read_pci_addr	48	static
ofnode.c:826:5:ofnode_read_pci_vendev	96	static
ofnode.c:862:5:ofnode_read_addr_cells	16	static
ofnode.c:874:5:ofnode_read_size_cells	16	static
ofnode.c:886:5:ofnode_read_simple_addr_cells	0	static
ofnode.c:894:5:ofnode_read_simple_size_cells	0	static
ofnode.c:327:19:__ofnode_get_addr_size_index	64	static
ofnode.c:366:12:ofnode_get_addr_size_index	0	static
ofnode.c:377:12:ofnode_get_addr_index	32	static
ofnode.c:384:12:ofnode_get_addr	0	static
ofnode.c:389:12:ofnode_get_size	32	static
ofnode.c:371:12:ofnode_get_addr_size_index_notrans	0	static
ofnode.c:902:6:ofnode_pre_reloc	32	static
ofnode.c:928:5:ofnode_read_resource	48	static
ofnode.c:948:5:ofnode_read_resource_byname	32	static
ofnode.c:960:5:ofnode_translate_address	0	static
ofnode.c:968:5:ofnode_translate_dma_address	0	static
ofnode.c:976:5:ofnode_get_dma_range	0	static
ofnode.c:985:5:ofnode_device_is_compatible	16	static
ofnode.c:996:8:ofnode_by_compatible	16	static
ofnode.c:1008:8:ofnode_by_prop_value	16	static
ofnode.c:1022:5:ofnode_write_prop	0	static
ofnode.c:1069:5:ofnode_write_string	0	static
ofnode.c:1081:5:ofnode_set_enabled	0	static
