uclass.c:26:16:uclass_find	0	static
uclass.c:111:5:uclass_destroy	48	static
uclass.c:145:5:uclass_get	64	static
uclass.c:161:13:uclass_get_name	32	static
uclass.c:170:7:uclass_get_priv	0	static
uclass.c:175:6:uclass_set_priv	0	static
uclass.c:180:16:uclass_get_by_name	32	static
uclass.c:194:5:dev_get_uclass_index	0	static
uclass.c:215:5:uclass_find_device	48	static
uclass.c:238:5:uclass_find_first_device	48	static
uclass.c:255:5:uclass_find_next_device	0	static
uclass.c:268:5:uclass_find_device_by_name	64	static
uclass.c:292:5:uclass_find_next_free_seq	32	static
uclass.c:315:5:uclass_find_device_by_seq	48	static
uclass.c:342:5:uclass_find_device_by_of_offset	48	static
uclass.c:366:5:uclass_find_device_by_ofnode	48	static
uclass.c:398:5:uclass_find_device_by_phandle	64	static
uclass.c:429:5:uclass_get_device_by_driver	64	static
uclass.c:449:5:uclass_get_device_tail	32	static
uclass.c:464:5:uclass_get_device	48	static
uclass.c:474:5:uclass_get_device_by_name	48	static
uclass.c:485:5:uclass_get_device_by_seq	48	static
uclass.c:496:5:uclass_get_device_by_of_offset	48	static
uclass.c:507:5:uclass_get_device_by_ofnode	48	static
uclass.c:523:5:uclass_get_device_by_phandle_id	64	static
uclass.c:549:5:uclass_get_device_by_phandle	48	static
uclass.c:561:5:uclass_first_device	48	static
uclass.c:573:5:uclass_first_device_err	32	static
uclass.c:586:5:uclass_next_device	32	static
uclass.c:598:5:uclass_next_device_err	32	static
uclass.c:611:5:uclass_first_device_check	32	static
uclass.c:625:5:uclass_next_device_check	16	static
uclass.c:638:5:uclass_first_device_drvdata	64	static
uclass.c:655:5:uclass_bind_device	32	static
uclass.c:682:5:uclass_unbind_device	32	static
uclass.c:699:5:uclass_pre_probe_device	32	static
uclass.c:723:5:uclass_post_probe_device	32	static
uclass.c:748:5:uclass_pre_remove_device	0	static
uclass.c:764:5:uclass_probe_all	48	static
