gpio-uclass.c:552:12:_gpio_get_value	32	static
gpio-uclass.c:1398:12:gpio_post_bind	0	static
gpio-uclass.c:829:12:get_function	48	static
gpio-uclass.c:57:12:gpio_to_device	48	static
gpio-uclass.c:488:12:check_reserved	48	static
gpio-uclass.c:1252:12:gpio_renumber	64	static
gpio-uclass.c:1300:12:gpio_pre_remove	48	static
gpio-uclass.c:1289:12:gpio_post_probe	32	static
gpio-uclass.c:117:5:dm_gpio_lookup_name	80	static
gpio-uclass.c:162:5:gpio_lookup_name	80	static
gpio-uclass.c:187:5:gpio_xlate_offs_flags	0	static
gpio-uclass.c:351:5:gpio_hog_lookup_name	0	static
gpio-uclass.c:357:5:dm_gpio_request	64	static
gpio-uclass.c:383:12:dm_gpio_requestf	320	static
gpio-uclass.c:410:5:gpio_request	64	static
gpio-uclass.c:432:5:gpio_requestf	320	static
gpio-uclass.c:447:5:_dm_gpio_free	64	static
gpio-uclass.c:476:5:gpio_free	48	static
gpio-uclass.c:562:5:dm_gpio_get_value	32	static
gpio-uclass.c:573:5:dm_gpio_set_value	32	static
gpio-uclass.c:689:5:dm_gpio_clrset_flags	64	static
gpio-uclass.c:515:5:gpio_direction_input	48	static
gpio-uclass.c:536:5:gpio_direction_output	64	static
gpio-uclass.c:710:5:dm_gpio_set_dir_flags	0	static
gpio-uclass.c:1094:12:gpio_request_tail	80	static
gpio-uclass.c:1141:12:_gpio_request_by_name_nodev	176	static
gpio-uclass.c:716:5:dm_gpios_clrset_flags	80	static
gpio-uclass.c:731:5:dm_gpio_get_flags	80	static
gpio-uclass.c:777:5:gpio_get_value	48	static
gpio-uclass.c:798:5:gpio_set_value	64	static
gpio-uclass.c:809:13:gpio_get_bank_info	32	static
gpio-uclass.c:858:5:gpio_get_function	0	static
gpio-uclass.c:863:5:gpio_get_raw_function	0	static
gpio-uclass.c:868:5:gpio_get_status	96	static
gpio-uclass.c:928:5:gpio_claim_vector	64	static
gpio-uclass.c:959:5:gpio_get_values_as_int	48	static
gpio-uclass.c:979:5:dm_gpio_get_values_as_int	64	static
gpio-uclass.c:997:5:dm_gpio_get_values_as_int_base3	48	static
gpio-uclass.c:1155:5:gpio_request_by_name_nodev	0	static
gpio-uclass.c:1162:5:gpio_request_by_name	176	static
gpio-uclass.c:1214:5:gpio_get_list_count	0	static
gpio-uclass.c:1229:5:dm_gpio_free	0	static
gpio-uclass.c:1235:5:gpio_free_list	64	static
gpio-uclass.c:1246:5:gpio_free_list_nodev	0	static
gpio-uclass.c:1176:5:gpio_request_list_by_name_nodev	96	static
gpio-uclass.c:1201:5:gpio_request_list_by_name	0	static
gpio-uclass.c:1277:5:gpio_get_number	32	static
gpio-uclass.c:1314:5:gpio_dev_request_index	112	static
gpio-uclass.c:1339:19:devm_gpiod_get_index	64	static
gpio-uclass.c:1377:19:devm_gpiod_get_index_optional	16	static
gpio-uclass.c:1390:6:devm_gpiod_put	0	static
