log.h:675:19:log_init	0	static
board_f.c:138:12:display_text_info	0	static
board_f.c:264:12:setup_mon_len	0	static
board_f.c:377:12:reserve_round_4k	0	static
board_f.c:426:12:reserve_uboot	0	static
board_f.c:802:12:checkcpu	0	static
board_f.c:239:12:dram_init_banksize	32	static
board_f.c:674:12:setup_reloc	16	static
board_f.c:496:12:reserve_board	16	static
board_f.c:388:12:reserve_video	32	static
board_f.c:210:12:announce_dram_init	16	static
board_f.c:132:12:init_baud_rate	16	static
board_f.c:770:12:initf_dm	0	static
board_f.c:807:12:clear_bss	0	static
board_f.c:283:12:setup_spl_handoff	0	static
board_f.c:294:12:arch_cpu_init	0	static
board_f.c:299:12:mach_cpu_init	0	static
board_f.c:383:12:arch_reserve_mmu	0	static
board_f.c:414:12:reserve_trace	0	static
board_f.c:518:12:reserve_fdt	0	static
board_f.c:539:12:reserve_bootstage	0	static
board_f.c:570:12:reserve_bloblist	0	static
board_f.c:583:12:display_new_sp	0	static
board_f.c:621:12:reloc_fdt	0	static
board_f.c:636:12:reloc_bootstage	0	static
board_f.c:655:12:reloc_bloblist	0	static
board_f.c:745:12:initf_bootstage	0	static
board_f.c:792:12:reserve_arch	0	static
board_f.c:797:12:arch_cpu_init_dm	0	static
board_f.c:483:12:reserve_malloc	0	static
board_f.c:509:12:reserve_global_data	0	static
board_f.c:82:13:coloured_LED_init	0	static
board_f.c:83:13:red_led_on	0	static
board_f.c:84:13:red_led_off	0	static
board_f.c:85:13:green_led_on	0	static
board_f.c:86:13:green_led_off	0	static
board_f.c:87:13:yellow_led_on	0	static
board_f.c:88:13:yellow_led_off	0	static
board_f.c:89:13:blue_led_on	0	static
board_f.c:90:13:blue_led_off	0	static
board_f.c:127:13:board_add_ram_info	0	static
board_f.c:216:12:show_dram_config	16	static
board_f.c:305:14:board_get_usable_ram_top	0	static
board_f.c:322:12:setup_dest_addr	32	static
board_f.c:553:12:arch_reserve_stacks	0	static
board_f.c:558:12:reserve_stacks	0	static
board_f.c:590:12:arch_setup_bdinfo	0	static
board_f.c:595:5:setup_bdinfo	0	static
board_f.c:949:6:board_init_f	32	static
