log.h:675:19:log_init	0	static
board_r.c:95:12:cpu_secondary_init_r	0	static
board_r.c:100:12:initr_trace	0	static
board_r.c:109:12:initr_reloc	0	static
board_r.c:583:12:run_main_loop	16	static
board_r.c:531:12:initr_net	16	static
board_r.c:487:12:initr_ethaddr	16	static
board_r.c:454:12:initr_env	32	static
board_r.c:414:12:initr_mmc	16	static
board_r.c:253:12:initr_dm	0	static
board_r.c:217:12:initr_malloc	16	static
board_r.c:135:12:initr_reloc_global_data	16	static
board_r.c:122:12:initr_caches	16	static
board_r.c:186:12:arch_initr_trap	0	static
board_r.c:208:12:initr_barrier	0	static
board_r.c:236:12:initr_of_live	0	static
board_r.c:273:12:initr_dm_devices	0	static
board_r.c:297:12:initr_bootstage	0	static
board_r.c:304:12:power_init_board	0	static
board_r.c:309:12:initr_announce	0	static
board_r.c:324:12:initr_binman	0	static
mux.h:120:14:mux_control_states	0	static
mux.h:125:18:mux_control_select	0	static
mux.h:133:5:mux_control_deselect	0	static
mux.h:138:21:mux_control_get	0	static
mux.h:143:6:mux_control_put	0	static
mux.h:147:21:devm_mux_control_get	0	static
mux.h:153:5:dm_mux_init	0	static
board_r.c:85:12:board_flash_wp_on	0	static
board_r.c:130:12:fixup_cpu	0	static
board_r.c:806:6:board_init_r	32	static
