console.c:295:12:console_tstc	80	static
console.c:317:13:console_putc	64	static
console.c:354:13:console_puts	64	static
console.c:27:12:on_console	48	static
console.c:336:13:console_puts_select	80	static
console.c:259:13:console_needs_start_stop	64	static
console.c:455:5:serial_printf	1344	static
console.c:688:6:puts	0	static
console.c:647:6:putc	0	static
console.c:279:12:console_getc.isra.2	32	static
console.c:570:5:tstc	0	static
console.c:547:5:getchar	32	static
console.c:349:6:console_puts_select_stderr	0	static
console.c:427:5:console_start	32	static
console.c:444:6:console_stop	32	static
console.c:473:5:fgetc	32	static
console.c:506:5:ftstc	0	static
console.c:514:6:fputc	0	static
console.c:520:6:fputs	0	static
console.c:526:5:fprintf	1328	static
console.c:781:5:ctrlc	16	static
console.c:800:5:confirm_yesno	64	static
console.c:827:5:disable_ctrlc	0	static
console.c:835:5:had_ctrlc	0	static
console.c:840:6:clear_ctrlc	0	static
console.c:847:19:console_search_dev	32	static
console.c:863:5:console_assign	48	static
console.c:901:5:console_announce_r	224	static
console.c:915:5:console_init_f	0	static
console.c:926:6:stdio_print_current_devices	32	static
console.c:953:5:console_init_r	64	static
