fdt_support.c:1079:12:of_bus_default_map	0	static
fdt_support.c:1684:12:fdt_read_prop	0	static
fdt_support.c:393:12:fdt_pack_reg	64	static
fdt_support.c:1095:12:of_bus_default_translate	64	static
fdt_support.c:1062:6:fdt_support_default_count_cells	48	static
fdt_support.c:1265:12:__of_translate_address	176	static
fdt_support.c:35:5:fdt_getprop_u32_default_node	48	static
fdt_support.c:65:5:fdt_getprop_u32_default	48	static
fdt_support.c:89:5:fdt_find_and_setprop	80	static
fdt_support.c:113:5:fdt_find_or_add_subnode	48	static
fdt_support.c:184:5:fdt_root	32	static
fdt_support.c:210:5:fdt_initrd	96	static
fdt_support.c:274:14:board_fdt_chosen_bootargs	0	static
fdt_support.c:279:5:fdt_chosen	48	static
fdt_support.c:311:6:do_fixup_by_path	32	static
fdt_support.c:327:6:do_fixup_by_path_u32	32	static
fdt_support.c:334:6:do_fixup_by_prop	96	static
fdt_support.c:355:6:do_fixup_by_prop_u32	32	static
fdt_support.c:363:6:do_fixup_by_compat	80	static
fdt_support.c:382:6:do_fixup_by_compat_u32	32	static
fdt_support.c:423:5:fdt_fixup_memory_banks	144	static
fdt_support.c:476:5:fdt_set_usable_memory	192	static
fdt_support.c:512:5:fdt_fixup_memory	32	static
fdt_support.c:517:6:fdt_fixup_ethernet	128	static
fdt_support.c:595:5:fdt_record_loadable	112	static
fdt_support.c:632:5:fdt_shrink_to_minimum	64	static
fdt_support.c:752:5:fdt_increase_size	0	static
fdt_support.c:988:6:fdt_del_node_and_alias	32	static
fdt_support.c:1338:5:fdt_translate_address	0	static
fdt_support.c:1344:5:fdt_translate_dma_address	0	static
fdt_support.c:1350:5:fdt_get_dma_range	112	static
fdt_support.c:1432:5:fdt_node_offset_by_compat_reg	80	static
fdt_support.c:1453:5:fdt_alloc_phandle	48	static
fdt_support.c:1473:5:fdt_set_phandle	64	static
fdt_support.c:1512:14:fdt_create_phandle	48	static
fdt_support.c:1542:5:fdt_set_node_status	64	static
fdt_support.c:1583:5:fdt_set_status_by_alias	48	static
fdt_support.c:1629:5:fdt_verify_alias_address	80	static
fdt_support.c:1670:5:fdt_get_base_address	48	static
fdt_support.c:1733:5:fdt_read_range	112	static
fdt_support.c:1801:5:fdt_setup_simplefb_node	144	static
fdt_support.c:1854:5:fdt_fixup_display	80	static
fdt_support.c:1889:5:fdt_overlay_apply_verbose	48	static
fdt_support.c:1916:5:fdt_valid	48	static
