mmc.c:220:12:mmc_send_cmd_retry	48	static
mmc.c:671:12:mmc_send_op_cond_iter	64	static
mmc.c:508:12:mmc_go_idle	64	static
mmc.c:989:12:mmc_set_capacity	32	static
mmc.c:1278:12:sd_get_capabilities	448	static
mmc.c:244:12:mmc_send_cmd_quirks.constprop	0	static
mmc.c:136:13:mmc_mode_name	0	static
mmc.c:253:5:mmc_send_status	64	static
mmc.c:788:12:__mmc_switch.constprop	96	static
mmc.c:271:5:mmc_poll_for_busy	64	static
mmc.c:313:5:mmc_set_blocklen	48	static
mmc.c:450:7:mmc_bread	160	static
mmc.c:767:5:mmc_send_ext_csd	80	static
mmc.c:1829:12:mmc_read_and_compare_ext_csd	608	static
mmc.c:864:12:mmc_set_card_speed.constprop	608	static
mmc.c:853:5:mmc_switch	0	static
mmc.c:2205:12:mmc_startup_v4	624	static
mmc.c:858:5:mmc_boot_wp	0	static
mmc.c:1017:5:mmc_switch_part	64	static
mmc.c:1042:5:mmc_hwpart_config	704	static
mmc.c:1594:5:mmc_set_clock	0	static
mmc.c:1625:6:mmc_dump_capabilities	0	static
mmc.c:2769:5:mmc_get_op_cond	112	static
mmc.c:2855:5:mmc_start_init	32	static
mmc.c:2911:5:mmc_init	320	static
mmc.c:2962:5:mmc_set_dsr	0	static
mmc.c:2969:12:cpu_mmc_init	0	static
mmc.c:2975:12:board_mmc_init	0	static
mmc.c:2980:6:mmc_set_preinit	0	static
mmc.c:3024:5:mmc_initialize	48	static
mmc.c:3050:5:mmc_init_device	48	static
mmc.c:3106:12:mmc_get_env_dev	0	static
