fs.c:37:19:fs_probe_unsupported	16	static
fs.c:44:19:fs_ls_unsupported	0	static
fs.c:81:19:fs_exists_unsupported	0	static
fs.c:86:19:fs_size_unsupported	0	static
fs.c:91:19:fs_read_unsupported	0	static
fs.c:110:20:fs_close_unsupported	0	static
fs.c:119:19:fs_opendir_unsupported	0	static
fs.c:327:28:fs_get_info.part.0	0	static
fs.c:493:12:fs_read_lmb_check.isra.1	480	static
fs.c:98:19:fs_write_unsupported	0	static
fs.c:130:19:fs_mkdir_unsupported	0	static
fs.c:105:19:fs_ln_unsupported	0	static
fs.c:114:19:fs_uuid_unsupported	0	static
fs.c:125:19:fs_unlink_unsupported	0	static
fs.c:349:5:fs_get_type	0	static
fs.c:362:13:fs_get_type_name	16	static
fs.c:367:5:fs_set_blk_dev	64	static
fs.c:412:5:fs_set_blk_dev_with_part	64	static
fs.c:436:6:fs_close	32	static
fs.c:445:5:fs_uuid	16	static
fs.c:452:5:fs_ls	32	static
fs.c:465:5:fs_exists	32	static
fs.c:478:5:fs_size	32	static
fs.c:557:5:fs_read	48	static
fs.c:563:5:fs_write	64	static
fs.c:583:23:fs_opendir	48	static
fs.c:602:19:fs_readdir	48	static
fs.c:621:6:fs_closedir	32	static
fs.c:51:12:fs_ls_generic	64	static
fs.c:635:5:fs_unlink	32	static
fs.c:648:5:fs_mkdir	32	static
fs.c:661:5:fs_ln	48	static
fs.c:677:5:do_size	48	static
fs.c:696:5:do_load	112	static
fs.c:775:5:do_ls	32	static
fs.c:792:5:file_exists	32	static
fs.c:801:5:do_save	96	static
fs.c:843:5:do_fs_uuid	112	static
fs.c:868:5:do_fs_type	48	static
fs.c:890:5:do_rm	32	static
fs.c:905:5:do_mkdir	32	static
fs.c:925:5:do_ln	32	static
fs.c:940:5:do_fs_types	64	static
