fdt_ro.c:160:40:fdt_mem_rsv	0	static
fdt_ro.c:357:35:fdt_get_property_by_offset_	48	static
fdt_ro.c:201:12:nextprop_.part.0	48	static
fdt_ro.c:34:13:fdt_get_string	48	static
fdt_ro.c:100:13:fdt_string	0	static
fdt_ro.c:175:5:fdt_get_mem_rsv	64	static
fdt_ro.c:189:5:fdt_num_mem_rsv	16	static
fdt_ro.c:300:13:fdt_get_name	48	static
fdt_ro.c:225:5:fdt_subnode_offset_namelen	96	static
fdt_ro.c:244:5:fdt_subnode_offset	48	static
fdt_ro.c:339:5:fdt_first_property_offset	32	static
fdt_ro.c:349:5:fdt_next_property_offset	32	static
fdt_ro.c:394:35:fdt_get_property_namelen_	96	static
fdt_ro.c:378:28:fdt_get_property_by_offset	0	static
fdt_ro.c:425:28:fdt_get_property_namelen	0	static
fdt_ro.c:443:28:fdt_get_property	64	static
fdt_ro.c:451:13:fdt_getprop_namelen	48	static
fdt_ro.c:469:13:fdt_getprop_by_offset	80	static
fdt_ro.c:502:13:fdt_getprop	64	static
fdt_ro.c:508:10:fdt_get_phandle	48	static
fdt_ro.c:114:5:fdt_find_max_phandle	48	static
fdt_ro.c:142:5:fdt_generate_phandle	48	static
fdt_ro.c:525:13:fdt_get_alias_namelen	48	static
fdt_ro.c:250:5:fdt_path_offset_namelen	64	static
fdt_ro.c:295:5:fdt_path_offset	48	static
fdt_ro.c:537:13:fdt_get_alias	48	static
fdt_ro.c:542:5:fdt_get_path	112	static
fdt_ro.c:594:5:fdt_supernode_atdepth_offset	80	static
fdt_ro.c:632:5:fdt_node_depth	32	static
fdt_ro.c:643:5:fdt_parent_offset	32	static
fdt_ro.c:653:5:fdt_node_offset_by_prop_value	96	static
fdt_ro.c:680:5:fdt_node_offset_by_phandle	48	static
fdt_ro.c:705:5:fdt_stringlist_contains	64	static
fdt_ro.c:722:5:fdt_stringlist_count	64	static
fdt_ro.c:747:5:fdt_stringlist_search	80	static
fdt_ro.c:777:13:fdt_stringlist_get	64	static
fdt_ro.c:822:5:fdt_node_check_compatible	48	static
fdt_ro.c:835:5:fdt_node_offset_by_compatible	64	static
fdt_ro.c:861:5:fdt_check_full	96	static
