cache_v8.c:272:12:count_required_pts	64	static
cache_v8.c:147:13:create_table	32	static
cache_v8.c:175:13:split_block	48	static
cache_v8.c:42:5:get_tcr	0	static
cache_v8.c:108:13:find_pte	32	static
cache_v8.c:522:12:set_one_region	32	static
cache_v8.c:339:12:get_page_table_size	32	static
cache_v8.c:368:6:setup_pgtables	96	static
cache_v8.c:409:13:mmu_setup	32	static
cache_v8.c:428:6:invalidate_dcache_all	16	static
cache_v8.c:439:13:flush_dcache_all	16	static
cache_v8.c:455:6:invalidate_dcache_range	0	static
cache_v8.c:463:6:flush_dcache_range	0	static
cache_v8.c:477:6:dcache_enable	16	static
cache_v8.c:489:6:dcache_disable	16	static
cache_v8.c:505:5:dcache_status	0	static
cache_v8.c:510:13:arch_get_page_table	16	static
cache_v8.c:558:6:mmu_set_region_dcache_behaviour	64	static
cache_v8.c:613:6:mmu_change_region_attr	64	static
cache_v8.c:712:6:icache_disable	0	static
cache_v8.c:717:5:icache_status	0	static
cache_v8.c:722:6:invalidate_icache_all	16	static
cache_v8.c:706:6:icache_enable	16	static
cache_v8.c:753:13:enable_caches	16	static
