fdtdec.c:644:20:get_prop_check_min_len	48	static
fdtdec.c:81:13:fdtdec_get_compatible	0	static
fdtdec.c:265:10:fdtdec_get_uint64	48	static
fdtdec.c:278:5:fdtdec_get_is_enabled	16	static
fdtdec.c:295:20:fdtdec_lookup	64	static
fdtdec.c:307:5:fdtdec_next_compatible	0	static
fdtdec.c:312:5:fdtdec_next_compatible_subnode	48	static
fdtdec.c:327:5:fdtdec_next_alias	112	static
fdtdec.c:359:5:fdtdec_add_aliases_for_id	128	dynamic
fdtdec.c:349:5:fdtdec_find_aliases_for_id	64	static
fdtdec.c:474:5:fdtdec_get_alias_seq	112	static
fdtdec.c:527:5:fdtdec_get_alias_highest_id	80	static
fdtdec.c:560:13:fdtdec_get_chosen_prop	48	static
fdtdec.c:570:5:fdtdec_get_chosen_node	32	static
fdtdec.c:597:5:fdtdec_prepare_fdt	16	static
fdtdec.c:580:5:fdtdec_check_fdt	16	static
fdtdec.c:619:5:fdtdec_lookup_phandle	32	static
fdtdec.c:662:5:fdtdec_get_int_array	48	static
fdtdec.c:975:12:decode_timing_property	64	static
fdtdec.c:680:5:fdtdec_get_int_array_count	48	static
fdtdec.c:700:12:fdtdec_locate_array	32	static
fdtdec.c:711:5:fdtdec_get_bool	32	static
fdtdec.c:721:5:fdtdec_parse_phandle_with_args	112	static
fdtdec.c:845:5:fdtdec_get_byte_array	48	static
fdtdec.c:857:11:fdtdec_locate_byte_array	32	static
fdtdec.c:869:5:fdtdec_get_config_int	48	static
fdtdec.c:881:5:fdtdec_get_config_bool	48	static
fdtdec.c:895:7:fdtdec_get_config_string	64	static
fdtdec.c:913:5:fdtdec_get_number	0	static
fdtdec.c:88:12:fdtdec_get_addr_size_fixed	96	static
fdtdec.c:134:12:fdtdec_get_addr_size_auto_parent	80	static
fdtdec.c:161:12:fdtdec_get_addr_size_auto_noparent	80	static
fdtdec.c:180:12:fdtdec_get_addr_size	0	static
fdtdec.c:190:12:fdtdec_get_addr	0	static
fdtdec.c:923:5:fdt_get_resource	112	static
fdtdec.c:962:5:fdt_get_named_resource	64	static
fdtdec.c:999:5:fdtdec_decode_display_timing	64	static
fdtdec.c:1067:5:fdtdec_setup_mem_size_base	80	static
fdtdec.c:1093:8:get_next_memory_node	48	static
fdtdec.c:1102:5:fdtdec_setup_memory_banksize	96	static
fdtdec.c:1143:5:fdtdec_setup_mem_size_base_lowest	96	static
fdtdec.c:1273:5:fdtdec_set_ethernet_mac_address	48	static
fdtdec.c:1334:5:fdtdec_add_reserved_memory	208	static
fdtdec.c:1449:5:fdtdec_get_carveout	80	static
fdtdec.c:1498:5:fdtdec_set_carveout	80	static
fdtdec.c:1552:12:fdtdec_board_setup	0	static
fdtdec.c:1557:5:fdtdec_setup	16	static
fdtdec.c:1656:5:fdtdec_decode_ram_size	144	static
