string.c:32:5:strncasecmp	0	static
string.c:62:5:strcasecmp	0	static
string.c:75:8:strcpy	0	static
string.c:96:8:strncpy	0	static
string.c:142:8:strcat	0	static
string.c:165:8:strncat	0	static
string.c:209:5:strcmp	0	static
string.c:229:5:strncmp	0	static
string.c:249:8:strchr	0	static
string.c:258:13:strchrnul	0	static
string.c:288:8:strlen	0	static
string.c:272:8:strrchr	16	static
string.c:304:8:strnlen	0	static
string.c:321:8:strcspn	0	static
string.c:339:8:strdup	32	static
string.c:352:8:strndup	48	static
string.c:383:8:strspn	0	static
string.c:409:8:strpbrk	0	static
string.c:431:8:strtok	16	static
string.c:464:8:strsep	16	static
string.c:488:7:strswab	0	static
string.c:517:15:memset	0	static
string.c:556:15:memcpy	0	static
string.c:121:8:strlcpy	32	static
string.c:195:8:strlcat	16	static
string.c:590:15:memmove	16	static
string.c:626:12:memcmp	0	static
string.c:648:8:memscan	0	static
string.c:668:8:strstr	16	static
string.c:696:7:memchr	0	static
string.c:728:7:memchr_inv	0	static
