blk-uclass.c:177:12:get_desc	96	static
blk-uclass.c:649:12:blk_post_probe	16	static
blk-uclass.c:70:13:blk_get_if_type_name	0	static
blk-uclass.c:94:18:blk_get_devnum_by_typename	80	static
blk-uclass.c:151:18:blk_get_by_device	32	static
blk-uclass.c:222:5:blk_list_part	64	static
blk-uclass.c:247:5:blk_print_part_devnum	48	static
blk-uclass.c:262:6:blk_list_devices	64	static
blk-uclass.c:281:5:blk_print_device_num	48	static
blk-uclass.c:295:5:blk_show_device	48	static
blk-uclass.c:345:5:blk_select_hwpart	0	static
blk-uclass.c:357:5:blk_dselect_hwpart	0	static
blk-uclass.c:362:5:blk_first_device	48	static
blk-uclass.c:384:5:blk_next_device	48	static
blk-uclass.c:403:5:blk_find_device	80	static
blk-uclass.c:426:5:blk_get_device	32	static
blk-uclass.c:75:18:blk_get_devnum_by_type	32	static
blk-uclass.c:210:5:blk_select_hwpart_devnum	48	static
blk-uclass.c:437:15:blk_dread	64	static
blk-uclass.c:316:7:blk_read_devnum	64	static
blk-uclass.c:458:15:blk_dwrite	64	static
blk-uclass.c:333:7:blk_write_devnum	64	static
blk-uclass.c:471:15:blk_derase	64	static
blk-uclass.c:484:5:blk_get_from_parent	48	static
blk-uclass.c:510:5:blk_find_max_devnum	64	static
blk-uclass.c:530:5:blk_next_free_devnum	16	static
blk-uclass.c:568:5:blk_create_device	128	static
blk-uclass.c:601:5:blk_create_devicef	112	static
blk-uclass.c:624:5:blk_unbind_all	64	static
