fat.c:31:13:downcase	0	static
fat.c:777:13:fat_itr_child	0	static
fat.c:46:12:disk_read	32	static
fat_write.c:190:12:disk_write	32	static
fat_write.c:213:12:flush_dirty_fat_buffer	48	static
fat.c:164:14:get_fatent	80	static
fat_write.c:436:12:set_fatent_value	80	static
fat_write.c:543:14:determine_fatent	48	static
fat_write.c:860:12:clear_fatent	64	static
fat.c:249:1:get_cluster	80	dynamic
fat.c:493:1:read_bootsectandvi	48	static
fat.c:743:12:fat_itr_root	144	static
fat_write.c:1203:12:split_filename	64	static
fat.c:1197:28:fat2rtc	32	static
fat_write.c:48:12:str2fat	64	static
fat_write.c:574:1:set_sectors.isra.2	80	dynamic
fat_write.c:1285:12:normalize_longname	64	static
fat_write.c:650:12:flush_dir	16	static
fat_write.c:1483:12:delete_single_dentry	32	static
fat_write.c:924:1:set_contents	176	static
fat.c:61:5:fat_set_blk_dev	48	dynamic
fat.c:90:5:fat_register_device	176	static
fat.c:811:7:fat_next_cluster	48	static
fat.c:878:19:next_dent	48	static
fat.c:963:12:fat_itr_next	96	static
fat.c:1060:12:fat_itr_resolve	80	static
fat_write.c:1179:19:find_directory_entry.part.4	48	static
fat_write.c:391:1:fill_dir_slot	720	static
fat_write.c:76:12:fat_move_to_cluster	48	static
fat_write.c:103:12:set_name	160	static
fat_write.c:258:12:fat_find_empty_dentries	128	static
fat.c:1138:5:file_fat_detectfs	160	static
fat.c:1170:5:fat_exists	112	static
fat.c:1212:5:fat_size	112	static
fat.c:1249:5:file_fat_read_at	176	static
fat.c:1281:5:file_fat_read	32	static
fat.c:1293:5:fat_read_file	32	static
fat.c:1312:5:fat_opendir	64	static
fat.c:1340:5:fat_readdir	48	static
fat.c:1371:6:fat_closedir	32	static
fat.c:1378:6:fat_close	0	static
fat.c:1382:5:fat_uuid	144	static
fat_write.c:1307:5:file_fat_write_at	432	static
fat_write.c:1434:5:file_fat_write	0	static
fat_write.c:1561:5:fat_unlink	192	static
fat_write.c:1632:5:fat_mkdir	432	static
