Archive member included to satisfy reference by file (symbol)

arch/arm/cpu/armv8/cpu.o      (--whole-archive)
arch/arm/cpu/armv8/generic_timer.o
                              (--whole-archive)
arch/arm/cpu/armv8/cache_v8.o
                              (--whole-archive)
arch/arm/cpu/armv8/cache.o    (--whole-archive)
arch/arm/cpu/armv8/exceptions.o
                              (--whole-archive)
arch/arm/cpu/armv8/exception_level.o
                              (--whole-archive)
arch/arm/cpu/armv8/tlb.o      (--whole-archive)
arch/arm/cpu/armv8/transition.o
                              (--whole-archive)
arch/arm/cpu/armv8/fwcall.o   (--whole-archive)
arch/arm/cpu/armv8/cpu-dt.o   (--whole-archive)
arch/arm/lib/crt0_64.o        (--whole-archive)
arch/arm/lib/setjmp_aarch64.o
                              (--whole-archive)
arch/arm/lib/relocate_64.o    (--whole-archive)
arch/arm/lib/bootm-fdt.o      (--whole-archive)
arch/arm/lib/bootm.o          (--whole-archive)
arch/arm/lib/image.o          (--whole-archive)
arch/arm/lib/bdinfo.o         (--whole-archive)
arch/arm/lib/sections.o       (--whole-archive)
arch/arm/lib/stack.o          (--whole-archive)
arch/arm/lib/interrupts_64.o  (--whole-archive)
arch/arm/lib/reset.o          (--whole-archive)
arch/arm/lib/cache.o          (--whole-archive)
arch/arm/lib/psci-dt.o        (--whole-archive)
arch/arm/mach-bcm283x/init.o  (--whole-archive)
arch/arm/mach-bcm283x/reset.o
                              (--whole-archive)
arch/arm/mach-bcm283x/mbox.o  (--whole-archive)
arch/arm/mach-bcm283x/msg.o   (--whole-archive)
arch/arm/mach-bcm283x/phys2bus.o
                              (--whole-archive)
board/raspberrypi/rpi/rpi.o   (--whole-archive)
board/raspberrypi/rpi/lowlevel_init.o
                              (--whole-archive)
cmd/boot.o                    (--whole-archive)
cmd/bootm.o                   (--whole-archive)
cmd/help.o                    (--whole-archive)
cmd/panic.o                   (--whole-archive)
cmd/version.o                 (--whole-archive)
cmd/blk_common.o              (--whole-archive)
cmd/source.o                  (--whole-archive)
cmd/bdinfo.o                  (--whole-archive)
cmd/blkcache.o                (--whole-archive)
cmd/bootefi.o                 (--whole-archive)
cmd/booti.o                   (--whole-archive)
cmd/console.o                 (--whole-archive)
cmd/dm.o                      (--whole-archive)
cmd/echo.o                    (--whole-archive)
cmd/elf.o                     (--whole-archive)
cmd/exit.o                    (--whole-archive)
cmd/ext4.o                    (--whole-archive)
cmd/ext2.o                    (--whole-archive)
cmd/fat.o                     (--whole-archive)
cmd/fdt.o                     (--whole-archive)
cmd/fs.o                      (--whole-archive)
cmd/gpio.o                    (--whole-archive)
cmd/itest.o                   (--whole-archive)
cmd/load.o                    (--whole-archive)
cmd/mem.o                     (--whole-archive)
cmd/mii.o                     (--whole-archive)
cmd/mdio.o                    (--whole-archive)
cmd/sleep.o                   (--whole-archive)
cmd/mmc.o                     (--whole-archive)
cmd/net.o                     (--whole-archive)
cmd/part.o                    (--whole-archive)
cmd/pinmux.o                  (--whole-archive)
cmd/pxe.o                     (--whole-archive)
cmd/pxe_utils.o               (--whole-archive)
cmd/setexpr.o                 (--whole-archive)
cmd/sysboot.o                 (--whole-archive)
cmd/test.o                    (--whole-archive)
cmd/unlz4.o                   (--whole-archive)
cmd/unzip.o                   (--whole-archive)
cmd/lzmadec.o                 (--whole-archive)
cmd/usb.o                     (--whole-archive)
cmd/disk.o                    (--whole-archive)
cmd/fs_uuid.o                 (--whole-archive)
cmd/ximg.o                    (--whole-archive)
cmd/nvedit.o                  (--whole-archive)
common/init/board_init.o      (--whole-archive)
common/main.o                 (--whole-archive)
common/exports.o              (--whole-archive)
common/hash.o                 (--whole-archive)
common/cli_hush.o             (--whole-archive)
common/autoboot.o             (--whole-archive)
common/board_f.o              (--whole-archive)
common/board_r.o              (--whole-archive)
common/bootm.o                (--whole-archive)
common/bootm_os.o             (--whole-archive)
common/fdt_support.o          (--whole-archive)
common/miiphyutil.o           (--whole-archive)
common/usb.o                  (--whole-archive)
common/usb_hub.o              (--whole-archive)
common/usb_storage.o          (--whole-archive)
common/iomux.o                (--whole-archive)
common/splash.o               (--whole-archive)
common/lcd_simplefb.o         (--whole-archive)
common/menu.o                 (--whole-archive)
common/usb_kbd.o              (--whole-archive)
common/cli_readline.o         (--whole-archive)
[...]
Memory Configuration

Name             Origin             Length             Attributes
*default*        0x0000000000000000 0xffffffffffffffff

Linker script and memory map

Address of section .text set to 0x80000
                0x0000000000000000                . = 0x0
                0x0000000000000000                . = ALIGN (0x8)

.text           0x0000000000080000      0x120
 *(.__image_copy_start)
 .__image_copy_start
                0x0000000000080000        0x0 arch/arm/lib/sections.o
                0x0000000000080000                __image_copy_start
 arch/arm/cpu/armv8/start.o(.text*)
 .text          0x0000000000080000      0x120 arch/arm/cpu/armv8/start.o
                0x0000000000080000                _start
                0x0000000000080008                _TEXT_BASE
                0x0000000000080010                _end_ofs
                0x0000000000080018                _bss_start_ofs
                0x0000000000080020                _bss_end_ofs
                0x000000000008002c                save_boot_params_ret
                0x0000000000080098                apply_core_errata
                0x00000000000800d4                lowlevel_init
                0x00000000000800e0                smp_kick_all_cpus
                0x00000000000800e4                c_runtime_cpu_setup

.efi_runtime    0x0000000000080120      0xf68
                0x0000000000080120                __efi_runtime_start = .
 *(.text.efi_runtime*)
 .text.efi_runtime
                0x0000000000080120       0x90 arch/arm/mach-bcm283x/reset.o
                0x0000000000080150                efi_reset_system
 .text.efi_runtime
                0x00000000000801b0      0x130 lib/efi_loader/efi_runtime.o
                0x00000000000801b4                efi_get_time
                0x00000000000801bc                efi_set_time
                0x00000000000801cc                efi_update_capsule_unsupported
                0x00000000000801d4                efi_query_capsule_caps_unsupported
                0x00000000000801ec                efi_convert_pointer
                0x000000000008028c                efi_update_table_header_crc32
                0x00000000000802c0                efi_memcpy_runtime
 .text.efi_runtime_detach
                0x00000000000802e0       0x34 lib/efi_loader/efi_runtime.o
                0x00000000000802e0                efi_runtime_detach
 .text.efi_runtime_relocate
                0x0000000000080314      0x120 lib/efi_loader/efi_runtime.o
                0x0000000000080314                efi_runtime_relocate
 .text.efi_runtime
                0x0000000000080434       0x38 lib/efi_loader/efi_var_common.o
                0x0000000000080434                efi_get_variable_runtime
                0x0000000000080468                efi_get_next_variable_name_runtime
 .text.efi_runtime
                0x000000000008046c      0x534 lib/efi_loader/efi_var_mem.o
                0x0000000000080524                efi_var_mem_find
                0x0000000000080624                efi_get_next_variable_name_mem
                0x0000000000080704                efi_get_variable_mem
                0x00000000000807cc                efi_var_mem_del
                0x000000000008085c                efi_var_mem_ins
                0x0000000000080984                efi_var_mem_free
 .text.efi_runtime
                0x00000000000809a0       0x18 lib/efi_loader/efi_variable.o
                0x00000000000809a0                efi_query_variable_info_runtime
                0x00000000000809b0                efi_get_variable_int
                0x00000000000809b4                efi_get_next_variable_name_int
 .text.efi_runtime
                0x00000000000809b8       0x24 lib/charset.o
                0x00000000000809b8                u16_strnlen
 .text.efi_runtime
                0x00000000000809dc       0xf0 lib/crc32.o
                0x00000000000809dc                crc32_no_comp
                0x0000000000080ab0                crc32
 *(.rodata.efi_runtime*)
 .rodata.efi_runtime_relocate.str1.1
                0x0000000000080acc       0x4e lib/efi_loader/efi_runtime.o
 *fill*         0x0000000000080b1a        0x2 
 .rodata.efi_runtime
                0x0000000000080b1c      0x400 lib/crc32.o
 *(.data.efi_runtime*)
 *fill*         0x0000000000080f1c        0x4 
 .data.efi_runtime
                0x0000000000080f20        0x8 arch/arm/mach-bcm283x/reset.o
                0x0000000000080f20                wdog_regs
 .data.efi_runtime
                0x0000000000080f28       0x9e lib/efi_loader/efi_boottime.o
                0x0000000000080f28                efi_events
                0x0000000000080f38                systab
 *fill*         0x0000000000080fc6        0x2 
 .data.efi_runtime
                0x0000000000080fc8       0xa0 lib/efi_loader/efi_runtime.o
                0x0000000000080fe0                efi_runtime_services
 .data.efi_runtime_mmio
                0x0000000000081068       0x10 lib/efi_loader/efi_runtime.o
                0x0000000000081068                efi_runtime_mmio
 .data.efi_runtime
                0x0000000000081078       0x10 lib/efi_loader/efi_var_mem.o
                0x0000000000081088                __efi_runtime_stop = .

.text_rest      0x0000000000081800    0x57e74
 *(.text*)
 .text.board_cleanup_before_linux
                0x0000000000081800        0x4 arch/arm/cpu/armv8/cpu.o
                0x0000000000081800                board_cleanup_before_linux
 .text.cleanup_before_linux
                0x0000000000081804       0x2c arch/arm/cpu/armv8/cpu.o
                0x0000000000081804                cleanup_before_linux
 .text.get_tbclk
                0x0000000000081830        0x8 arch/arm/cpu/armv8/generic_timer.o
                0x0000000000081830                get_tbclk
 .text.get_ticks
                0x0000000000081838       0x10 arch/arm/cpu/armv8/generic_timer.o
                0x0000000000081838                get_ticks
 .text.count_required_pts
                0x0000000000081848       0xf8 arch/arm/cpu/armv8/cache_v8.o
 .text.create_table
                0x0000000000081940       0x70 arch/arm/cpu/armv8/cache_v8.o
 .text.split_block
                0x00000000000819b0       0x90 arch/arm/cpu/armv8/cache_v8.o
 .text.get_tcr  0x0000000000081a40       0xe4 arch/arm/cpu/armv8/cache_v8.o
                0x0000000000081a40                get_tcr
 .text.find_pte
                0x0000000000081b24       0x8c arch/arm/cpu/armv8/cache_v8.o
 .text.set_one_region
                0x0000000000081bb0       0xd8 arch/arm/cpu/armv8/cache_v8.o
 .text.get_page_table_size
                0x0000000000081c88       0x48 arch/arm/cpu/armv8/cache_v8.o
                0x0000000000081c88                get_page_table_size
 .text.setup_pgtables
                0x0000000000081cd0      0x16c arch/arm/cpu/armv8/cache_v8.o
                0x0000000000081cd0                setup_pgtables
 .text.mmu_setup
                0x0000000000081e3c      0x13c arch/arm/cpu/armv8/cache_v8.o
                0x0000000000081e3c                mmu_setup
 .text.invalidate_dcache_all
                0x0000000000081f78       0x14 arch/arm/cpu/armv8/cache_v8.o
                0x0000000000081f78                invalidate_dcache_all
 .text.invalidate_dcache_range
                0x0000000000081f8c        0x4 arch/arm/cpu/armv8/cache_v8.o
                0x0000000000081f8c                invalidate_dcache_range
 .text.flush_dcache_range
                0x0000000000081f90        0x4 arch/arm/cpu/armv8/cache_v8.o
                0x0000000000081f90                flush_dcache_range
 .text.dcache_enable
                0x0000000000081f94      0x110 arch/arm/cpu/armv8/cache_v8.o
                0x0000000000081f94                dcache_enable
 .text.dcache_disable
                0x00000000000820a4       0x84 arch/arm/cpu/armv8/cache_v8.o
                0x00000000000820a4                dcache_disable
 .text.dcache_status
                0x0000000000082128       0x34 arch/arm/cpu/armv8/cache_v8.o
                0x0000000000082128                dcache_status
 .text.mmu_set_region_dcache_behaviour
                0x000000000008215c       0xa8 arch/arm/cpu/armv8/cache_v8.o
                0x000000000008215c                mmu_set_region_dcache_behaviour
 .text.icache_disable
                0x0000000000082204       0x68 arch/arm/cpu/armv8/cache_v8.o
                0x0000000000082204                icache_disable
 .text.invalidate_icache_all
                0x000000000008226c       0x14 arch/arm/cpu/armv8/cache_v8.o
                0x000000000008226c                invalidate_icache_all
 .text.icache_enable
                0x0000000000082280       0x74 arch/arm/cpu/armv8/cache_v8.o
                0x0000000000082280                icache_enable
 .text.enable_caches
                0x00000000000822f4       0x14 arch/arm/cpu/armv8/cache_v8.o
                0x00000000000822f4                enable_caches
 .text.__asm_dcache_level
                0x0000000000082308       0x64 arch/arm/cpu/armv8/cache.o
                0x0000000000082308                __asm_dcache_level
 .text.__asm_dcache_all
                0x000000000008236c       0x60 arch/arm/cpu/armv8/cache.o
                0x000000000008236c                __asm_dcache_all
 .text.__asm_flush_dcache_all
                0x00000000000823cc        0x8 arch/arm/cpu/armv8/cache.o
                0x00000000000823cc                __asm_flush_dcache_all
 .text.__asm_invalidate_dcache_all
                0x00000000000823d4        0x8 arch/arm/cpu/armv8/cache.o
                0x00000000000823d4                __asm_invalidate_dcache_all
 .text.__asm_flush_dcache_range
                0x00000000000823dc       0x34 arch/arm/cpu/armv8/cache.o
                0x00000000000823dc                __asm_flush_dcache_range
 .text.__asm_invalidate_dcache_range
                0x0000000000082410       0x30 arch/arm/cpu/armv8/cache.o
                0x0000000000082410                __asm_invalidate_dcache_range
 .text.__asm_invalidate_icache_all
                0x0000000000082440        0xc arch/arm/cpu/armv8/cache.o
                0x0000000000082440                __asm_invalidate_icache_all
 .text.__asm_invalidate_l3_dcache
                0x000000000008244c        0x8 arch/arm/cpu/armv8/cache.o
                0x000000000008244c                __asm_invalidate_l3_dcache
 .text.__asm_flush_l3_dcache
                0x0000000000082454        0x8 arch/arm/cpu/armv8/cache.o
                0x0000000000082454                __asm_flush_l3_dcache
 .text.__asm_invalidate_l3_icache
                0x000000000008245c        0x8 arch/arm/cpu/armv8/cache.o
                0x000000000008245c                __asm_invalidate_l3_icache
 .text.__asm_switch_ttbr
                0x0000000000082464       0xe0 arch/arm/cpu/armv8/cache.o
                0x0000000000082464                __asm_switch_ttbr
 *fill*         0x0000000000082544      0x2bc 
 .text          0x0000000000082800      0x390 arch/arm/cpu/armv8/exceptions.o
                0x0000000000082800                vectors
 .text.entry_non_secure
                0x0000000000082b90       0x20 arch/arm/cpu/armv8/exception_level.o
 .text.switch_to_non_secure_mode
                0x0000000000082bb0       0x54 arch/arm/cpu/armv8/exception_level.o
                0x0000000000082bb0                switch_to_non_secure_mode
 .text.__asm_invalidate_tlb_all
                0x0000000000082c04       0x4c arch/arm/cpu/armv8/tlb.o
                0x0000000000082c04                __asm_invalidate_tlb_all
 .text.armv8_switch_to_el2
                0x0000000000082c50       0xb8 arch/arm/cpu/armv8/transition.o
                0x0000000000082c50                armv8_switch_to_el2
 .text.armv8_el2_to_aarch32
                0x0000000000082d08        0x4 arch/arm/cpu/armv8/transition.o
                0x0000000000082d08                armv8_el2_to_aarch32
 *fill*         0x0000000000082d0c        0x4 
 .text          0x0000000000082d10       0x80 arch/arm/lib/crt0_64.o
                0x0000000000082d10                _main
 .text.setjmp   0x0000000000082d90       0x28 arch/arm/lib/setjmp_aarch64.o
                0x0000000000082d90                setjmp
 .text.longjmp  0x0000000000082db8       0x2c arch/arm/lib/setjmp_aarch64.o
                0x0000000000082db8                longjmp
 .text          0x0000000000082de4       0xd8 arch/arm/lib/relocate_64.o
                0x0000000000082de4                relocate_code
 .text.arch_fixup_fdt
                0x0000000000082ebc       0x2c arch/arm/lib/bootm-fdt.o
                0x0000000000082ebc                arch_fixup_fdt
 .text.setup_initrd_tag.isra.1
                0x0000000000082ee8       0x40 arch/arm/lib/bootm.o
 .text.board_quiesce_devices
                0x0000000000082f28        0x4 arch/arm/lib/bootm.o
                0x0000000000082f28                board_quiesce_devices
 .text.setup_board_tags
                0x0000000000082f2c        0x4 arch/arm/lib/bootm.o
                0x0000000000082f2c                setup_board_tags
 .text.board_prep_linux
                0x0000000000082f30        0x4 arch/arm/lib/bootm.o
                0x0000000000082f30                board_prep_linux
 .text.boot_prep_linux
                0x0000000000082f34      0x18c arch/arm/lib/bootm.o
 .text.update_os_arch_secondary_cores
                0x00000000000830c0        0x4 arch/arm/lib/bootm.o
                0x00000000000830c0                update_os_arch_secondary_cores
 .text.boot_jump_linux
                0x00000000000830c4       0xb8 arch/arm/lib/bootm.o
 .text.do_bootm_linux
                0x000000000008317c       0x7c arch/arm/lib/bootm.o
                0x000000000008317c                do_bootm_linux
 .text.boot_prep_vxworks
                0x00000000000831f8       0x54 arch/arm/lib/bootm.o
                0x00000000000831f8                boot_prep_vxworks
 .text.boot_jump_vxworks
                0x000000000008324c        0xc arch/arm/lib/bootm.o
                0x000000000008324c                boot_jump_vxworks
 .text.booti_setup
                0x0000000000083258       0xb8 arch/arm/lib/image.o
                0x0000000000083258                booti_setup
 .text.arch_print_bdinfo
                0x0000000000083310       0x64 arch/arm/lib/bdinfo.o
                0x0000000000083310                arch_print_bdinfo
 .text.arch_reserve_stacks
                0x0000000000083374       0x10 arch/arm/lib/stack.o
                0x0000000000083374                arch_reserve_stacks
 .text.interrupt_init
                0x0000000000083384        0x8 arch/arm/lib/interrupts_64.o
                0x0000000000083384                interrupt_init
 .text.enable_interrupts
                0x000000000008338c        0x4 arch/arm/lib/interrupts_64.o
                0x000000000008338c                enable_interrupts
 .text.disable_interrupts
                0x0000000000083390        0x8 arch/arm/lib/interrupts_64.o
                0x0000000000083390                disable_interrupts
 .text.show_regs
                0x0000000000083398      0x108 arch/arm/lib/interrupts_64.o
                0x0000000000083398                show_regs
 .text.do_bad_sync
                0x00000000000834a0       0x44 arch/arm/lib/interrupts_64.o
                0x00000000000834a0                do_bad_sync
 .text.do_bad_irq
                0x00000000000834e4       0x44 arch/arm/lib/interrupts_64.o
                0x00000000000834e4                do_bad_irq
 .text.do_bad_fiq
                0x0000000000083528       0x44 arch/arm/lib/interrupts_64.o
                0x0000000000083528                do_bad_fiq
 .text.do_bad_error
                0x000000000008356c       0x44 arch/arm/lib/interrupts_64.o
                0x000000000008356c                do_bad_error
 .text.do_sync  0x00000000000835b0       0x44 arch/arm/lib/interrupts_64.o
                0x00000000000835b0                do_sync
 .text.do_irq   0x00000000000835f4       0x44 arch/arm/lib/interrupts_64.o
                0x00000000000835f4                do_irq
 .text.do_fiq   0x0000000000083638       0x44 arch/arm/lib/interrupts_64.o
                0x0000000000083638                do_fiq
 .text.do_error
                0x000000000008367c       0x44 arch/arm/lib/interrupts_64.o
                0x000000000008367c                do_error
 .text.reset_misc
                0x00000000000836c0        0x4 arch/arm/lib/reset.o
                0x00000000000836c0                reset_misc
 .text.do_reset
                0x00000000000836c4       0x34 arch/arm/lib/reset.o
                0x00000000000836c4                do_reset
 .text.flush_cache
                0x00000000000836f8        0x8 arch/arm/lib/cache.o
                0x00000000000836f8                flush_cache
 .text.arm_reserve_mmu
                0x0000000000083700       0x4c arch/arm/lib/cache.o
                0x0000000000083700                arm_reserve_mmu
 .text.arch_reserve_mmu
                0x000000000008374c        0x4 arch/arm/lib/cache.o
                0x000000000008374c                arch_reserve_mmu
 .text.arch_cpu_init
                0x0000000000083750       0x18 arch/arm/mach-bcm283x/init.o
                0x0000000000083750                arch_cpu_init
 .text.mach_cpu_init
                0x0000000000083768       0xd4 arch/arm/mach-bcm283x/init.o
                0x0000000000083768                mach_cpu_init
 .text.reset_cpu
                0x000000000008383c       0x48 arch/arm/mach-bcm283x/reset.o
                0x000000000008383c                reset_cpu
 .text.efi_reset_system_init
                0x0000000000083884       0x58 arch/arm/mach-bcm283x/reset.o
                0x0000000000083884                efi_reset_system_init
 .text.bcm2835_mbox_call_raw
                0x00000000000838dc      0x16c arch/arm/mach-bcm283x/mbox.o
                0x00000000000838dc                bcm2835_mbox_call_raw
 .text.bcm2835_mbox_call_prop
                0x0000000000083a48      0x100 arch/arm/mach-bcm283x/mbox.o
                0x0000000000083a48                bcm2835_mbox_call_prop
 .text.bcm2835_power_on_module
                0x0000000000083b48       0x80 arch/arm/mach-bcm283x/msg.o
                0x0000000000083b48                bcm2835_power_on_module
 .text.bcm2835_get_mmc_clock
                0x0000000000083bc8       0x90 arch/arm/mach-bcm283x/msg.o
                0x0000000000083bc8                bcm2835_get_mmc_clock
 .text.bcm2835_get_video_size
                0x0000000000083c58       0x98 arch/arm/mach-bcm283x/msg.o
                0x0000000000083c58                bcm2835_get_video_size
 .text.bcm2835_set_video_params
                0x0000000000083cf0      0x1ac arch/arm/mach-bcm283x/msg.o
                0x0000000000083cf0                bcm2835_set_video_params
 .text.phys_to_bus
                0x0000000000083e9c        0x8 arch/arm/mach-bcm283x/phys2bus.o
                0x0000000000083e9c                phys_to_bus
 .text.bus_to_phys
                0x0000000000083ea4        0x8 arch/arm/mach-bcm283x/phys2bus.o
                0x0000000000083ea4                bus_to_phys
 .text.dram_init
                0x0000000000083eac       0x88 board/raspberrypi/rpi/rpi.o
                0x0000000000083eac                dram_init
 .text.board_get_usable_ram_top
                0x0000000000083f34       0x2c board/raspberrypi/rpi/rpi.o
                0x0000000000083f34                board_get_usable_ram_top
 .text.misc_init_r
                0x0000000000083f60      0x264 board/raspberrypi/rpi/rpi.o
                0x0000000000083f60                misc_init_r
 .text.board_init
                0x00000000000841c4      0x13c board/raspberrypi/rpi/rpi.o
                0x00000000000841c4                board_init
 .text.ft_board_setup
                0x0000000000084300       0x28 board/raspberrypi/rpi/rpi.o
                0x0000000000084300                ft_board_setup
 .text          0x0000000000084328        0xc board/raspberrypi/rpi/lowlevel_init.o
                0x0000000000084328                save_boot_params
 .text.do_go_exec
                0x0000000000084334       0x10 cmd/boot.o
                0x0000000000084334                do_go_exec
 .text.do_go    0x0000000000084344       0x88 cmd/boot.o
 .text.do_bootm
                0x00000000000843cc      0x104 cmd/bootm.o
                0x00000000000843cc                do_bootm
 .text.do_bootd
                0x00000000000844d0       0x24 cmd/bootm.o
                0x00000000000844d0                do_bootd
 .text.image_info
                0x00000000000844f4       0xdc cmd/bootm.o
 .text.do_iminfo
                0x00000000000845d0       0x7c cmd/bootm.o
 .text.bootm_maybe_autostart
                0x000000000008464c       0x74 cmd/bootm.o
                0x000000000008464c                bootm_maybe_autostart
 .text.do_help  0x00000000000846c0       0x44 cmd/help.o
 .text.do_panic
                0x0000000000084704       0x24 cmd/panic.o
 .text.do_version
                0x0000000000084728       0x40 cmd/version.o
 .text.blk_common_cmd
                0x0000000000084768      0x32c cmd/blk_common.o
                0x0000000000084768                blk_common_cmd
 .text.image_source_script
                0x0000000000084a94       0xec cmd/source.o
                0x0000000000084a94                image_source_script
 .text.do_source
                0x0000000000084b80       0x54 cmd/source.o
 .text.bdinfo_print_num_l
                0x0000000000084bd4       0x18 cmd/bdinfo.o
                0x0000000000084bd4                bdinfo_print_num_l
 .text.bdinfo_print_num_ll
                0x0000000000084bec       0x18 cmd/bdinfo.o
                0x0000000000084bec                bdinfo_print_num_ll
 .text.do_bdinfo
                0x0000000000084c04      0x280 cmd/bdinfo.o
                0x0000000000084c04                do_bdinfo
 .text.do_blkcache
                0x0000000000084e84       0x80 cmd/blkcache.o
 .text.blkc_configure
                0x0000000000084f04       0x78 cmd/blkcache.o
 .text.blkc_show
                0x0000000000084f7c       0x34 cmd/blkcache.o
 .text.efi_clear_bootdev
                0x0000000000084fb0       0x48 cmd/bootefi.o
 .text.do_bootefi_exec
                0x0000000000084ff8       0x88 cmd/bootefi.o
 .text.efi_set_bootdev
                0x0000000000085080       0xe8 cmd/bootefi.o
                0x0000000000085080                efi_set_bootdev
 .text.efi_install_fdt
                0x0000000000085168      0x280 cmd/bootefi.o
                0x0000000000085168                efi_install_fdt
 .text.efi_run_image
                0x00000000000853e8      0x194 cmd/bootefi.o
                0x00000000000853e8                efi_run_image
 .text.do_bootefi
                0x000000000008557c      0x11c cmd/bootefi.o
 .text.do_booti
                0x0000000000085698      0x208 cmd/booti.o
                0x0000000000085698                do_booti
 .text.do_coninfo
                0x00000000000858a0       0xdc cmd/console.o
 .text.do_dm_dump_devres
                0x000000000008597c        0x8 cmd/dm.o
 .text.do_dm    0x0000000000085984       0x94 cmd/dm.o
 .text.do_dm_dump_static_driver_info
                0x0000000000085a18       0x18 cmd/dm.o
 .text.do_dm_dump_driver_compat
                0x0000000000085a30       0x18 cmd/dm.o
 .text.do_dm_dump_drivers
                0x0000000000085a48       0x18 cmd/dm.o
 .text.do_dm_dump_uclass
                0x0000000000085a60       0x18 cmd/dm.o
 .text.do_dm_dump_all
                0x0000000000085a78       0x18 cmd/dm.o
 .text.do_echo  0x0000000000085a90       0x94 cmd/echo.o
 .text.do_bootelf
                0x0000000000085b24      0x154 cmd/elf.o
                0x0000000000085b24                do_bootelf
 .text.do_bootvx
                0x0000000000085c78      0x334 cmd/elf.o
                0x0000000000085c78                do_bootvx
 .text.do_exit  0x0000000000085fac       0x30 cmd/exit.o
 .text.do_ext4_size
                0x0000000000085fdc        0x8 cmd/ext4.o
                0x0000000000085fdc                do_ext4_size
 .text.do_ext4_load
                0x0000000000085fe4        0x8 cmd/ext4.o
                0x0000000000085fe4                do_ext4_load
 .text.do_ext4_ls
                0x0000000000085fec        0x8 cmd/ext4.o
                0x0000000000085fec                do_ext4_ls
 .text.do_ext2load
                0x0000000000085ff4        0x8 cmd/ext2.o
                0x0000000000085ff4                do_ext2load
 .text.do_ext2ls
                0x0000000000085ffc        0x8 cmd/ext2.o
 .text.do_fat_size
                0x0000000000086004        0x8 cmd/fat.o
                0x0000000000086004                do_fat_size
 .text.do_fat_fsload
                0x000000000008600c        0x8 cmd/fat.o
                0x000000000008600c                do_fat_fsload
 .text.do_fat_ls
                0x0000000000086014        0x8 cmd/fat.o
 .text.do_fat_fsinfo
                0x000000000008601c       0x90 cmd/fat.o
 .text.do_fat_fswrite
                0x00000000000860ac        0x8 cmd/fat.o
 .text.do_fat_rm
                0x00000000000860b4        0x8 cmd/fat.o
 .text.do_fat_mkdir
                0x00000000000860bc        0x8 cmd/fat.o
 .text.is_printable_string
                0x00000000000860c4       0x80 cmd/fdt.o
 .text.print_data.part.2
                0x0000000000086144      0x1e8 cmd/fdt.o
 .text.set_working_fdt_addr
                0x000000000008632c       0x18 cmd/fdt.o
                0x000000000008632c                set_working_fdt_addr
 .text.do_fdt   0x0000000000086344     0x1044 cmd/fdt.o
 .text.do_size_wrapper
                0x0000000000087388        0x8 cmd/fs.o
 .text.do_load_wrapper
                0x0000000000087390        0x8 cmd/fs.o
 .text.do_save_wrapper
                0x0000000000087398        0x8 cmd/fs.o
 .text.do_ls_wrapper
                0x00000000000873a0        0x8 cmd/fs.o
 .text.do_ln_wrapper
                0x00000000000873a8        0x8 cmd/fs.o
 .text.do_fstype_wrapper
                0x00000000000873b0        0x4 cmd/fs.o
 .text.do_fstypes_wrapper
                0x00000000000873b4        0x4 cmd/fs.o
 .text.gpio_get_description
                0x00000000000873b8       0xd8 cmd/gpio.o
 .text.do_gpio  0x0000000000087490      0x38c cmd/gpio.o
 .text.evalexp  0x000000000008781c       0xa8 cmd/itest.o
 .text.evalstr  0x00000000000878c4       0x5c cmd/itest.o
 .text.binary_test
                0x0000000000087920      0x198 cmd/itest.o
 .text.do_itest
                0x0000000000087ab8       0x90 cmd/itest.o
 .text.bin_data_init
                0x0000000000087b48       0x1c cmd/load.o
 .text.k_data_save
                0x0000000000087b64       0x34 cmd/load.o
 .text.k_data_restore
                0x0000000000087b98       0x34 cmd/load.o
 .text.getcxmodem
                0x0000000000087bcc       0x24 cmd/load.o
 .text.load_serial_ymodem
                0x0000000000087bf0      0x110 cmd/load.o
 .text.bin_data_char
                0x0000000000087d00       0x28 cmd/load.o
 .text.chk1.constprop.1
                0x0000000000087d28       0x34 cmd/load.o
 .text.s1_sendpacket.constprop.2
                0x0000000000087d5c       0x5c cmd/load.o
 .text.load_serial
                0x0000000000087db8      0x1dc cmd/load.o
 .text.do_load_serial
                0x0000000000087f94       0xe0 cmd/load.o
 .text.do_load_serial_bin
                0x0000000000088074      0x79c cmd/load.o
 .text.do_mem_md
                0x0000000000088810       0xf8 cmd/mem.o
 .text.do_mem_base
                0x0000000000088908       0x4c cmd/mem.o
 .text.do_mem_crc
                0x0000000000088954       0x30 cmd/mem.o
 .text.do_random
                0x0000000000088984      0x108 cmd/mem.o
 .text.do_mem_loop
                0x0000000000088a8c      0x128 cmd/mem.o
 .text.do_mem_cmp
                0x0000000000088bb4      0x1a8 cmd/mem.o
 .text.mod_mem.isra.2.part.3
                0x0000000000088d5c      0x1b8 cmd/mem.o
 .text.do_mem_mm
                0x0000000000088f14       0x1c cmd/mem.o
 .text.do_mem_mw
                0x0000000000088f30      0x108 cmd/mem.o
 .text.do_mem_cp
                0x0000000000089038       0xc0 cmd/mem.o
 .text.do_mem_nm
                0x00000000000890f8       0x1c cmd/mem.o
 .text.extract_range
                0x0000000000089114       0x64 cmd/mii.o
 .text.dump_field
                0x0000000000089178       0x68 cmd/mii.o
 .text.do_mii   0x00000000000891e0      0x848 cmd/mii.o
 .text.extract_range
                0x0000000000089a28       0x94 cmd/mdio.o
 .text.do_mdio  0x0000000000089abc      0x6e8 cmd/mdio.o
 .text.do_sleep
                0x000000000008a1a4       0xf0 cmd/sleep.o
 .text.do_mmcops
                0x000000000008a294       0xe4 cmd/mmc.o
 .text.init_mmc_device
                0x000000000008a378       0x84 cmd/mmc.o
 .text.do_mmc_rescan
                0x000000000008a3fc       0x28 cmd/mmc.o
 .text.do_mmc_hwpartition
                0x000000000008a424      0x4ec cmd/mmc.o
 .text.do_mmc_list
                0x000000000008a910       0x1c cmd/mmc.o
 .text.do_mmc_dev
                0x000000000008a92c      0x14c cmd/mmc.o
 .text.do_mmc_boot_wp
                0x000000000008aa78       0x68 cmd/mmc.o
 .text.print_mmcinfo
                0x000000000008aae0      0x414 cmd/mmc.o
 .text.do_mmcinfo
                0x000000000008aef4       0x60 cmd/mmc.o
 .text.do_mmc_setdsr
                0x000000000008af54       0xbc cmd/mmc.o
 .text.do_mmc_part
                0x000000000008b010       0x64 cmd/mmc.o
 .text.do_mmc_erase
                0x000000000008b074      0x104 cmd/mmc.o
 .text.do_mmc_write
                0x000000000008b178      0x124 cmd/mmc.o
 .text.do_mmc_read
                0x000000000008b29c       0xfc cmd/mmc.o
 .text.netboot_common
                0x000000000008b398      0x278 cmd/net.o
 .text.do_bootp
                0x000000000008b610        0xc cmd/net.o
 .text.do_tftpb
                0x000000000008b61c        0xc cmd/net.o
                0x000000000008b61c                do_tftpb
 .text.do_dhcp  0x000000000008b628        0xc cmd/net.o
 .text.do_nfs   0x000000000008b634        0xc cmd/net.o
 .text.do_net   0x000000000008b640       0xa0 cmd/net.o
 .text.do_net_list
                0x000000000008b6e0       0xb0 cmd/net.o
 .text.do_ping  0x000000000008b790       0x7c cmd/net.o
 .text.do_part_list
                0x000000000008b80c      0x188 cmd/part.o
 .text.do_part_info
                0x000000000008b994      0x138 cmd/part.o
 .text.do_part  0x000000000008bacc      0x1f8 cmd/part.o
 .text.do_pinmux
                0x000000000008bcc4       0x7c cmd/pinmux.o
 .text.do_list  0x000000000008bd40       0xa0 cmd/pinmux.o
 .text.show_pinmux
                0x000000000008bde0       0xec cmd/pinmux.o
 .text.do_status
                0x000000000008becc       0xfc cmd/pinmux.o
 .text.do_dev   0x000000000008bfc8       0x90 cmd/pinmux.o
 .text.do_pxe   0x000000000008c058       0x8c cmd/pxe.o
 .text.do_pxe_boot
                0x000000000008c0e4       0xf0 cmd/pxe.o
 .text.do_get_tftp
                0x000000000008c1d4       0x3c cmd/pxe.o
 .text.do_pxe_get
                0x000000000008c210      0x174 cmd/pxe.o
 .text.eol_or_eof
                0x000000000008c384       0x24 cmd/pxe_utils.o
 .text.label_print
                0x000000000008c3a8       0x1c cmd/pxe_utils.o
 .text.label_destroy
                0x000000000008c3c4       0x80 cmd/pxe_utils.o
 .text.get_string
                0x000000000008c444       0xe0 cmd/pxe_utils.o
 .text.get_token
                0x000000000008c524      0x12c cmd/pxe_utils.o
 .text.parse_sliteral
                0x000000000008c650       0x6c cmd/pxe_utils.o
 .text.parse_integer
                0x000000000008c6bc       0x84 cmd/pxe_utils.o
 .text.get_relfile
                0x000000000008c740      0x140 cmd/pxe_utils.o
 .text.get_relfile_envaddr
                0x000000000008c880       0x5c cmd/pxe_utils.o
 .text.format_mac_pxe
                0x000000000008c8dc       0x88 cmd/pxe_utils.o
                0x000000000008c8dc                format_mac_pxe
 .text.label_boot
                0x000000000008c964      0x7a0 cmd/pxe_utils.o
 .text.get_pxe_file
                0x000000000008d104       0x60 cmd/pxe_utils.o
                0x000000000008d104                get_pxe_file
 .text.handle_include
                0x000000000008d164       0xc8 cmd/pxe_utils.o
 .text.parse_pxefile_top
                0x000000000008d22c      0x450 cmd/pxe_utils.o
 .text.get_pxelinux_path
                0x000000000008d67c       0xa0 cmd/pxe_utils.o
                0x000000000008d67c                get_pxelinux_path
 .text.destroy_pxe_menu
                0x000000000008d71c       0x68 cmd/pxe_utils.o
                0x000000000008d71c                destroy_pxe_menu
 .text.parse_pxefile
                0x000000000008d784       0x7c cmd/pxe_utils.o
                0x000000000008d784                parse_pxefile
 .text.handle_pxe_menu
                0x000000000008d800      0x180 cmd/pxe_utils.o
                0x000000000008d800                handle_pxe_menu
 .text.get_arg  0x000000000008d980      0x104 cmd/setexpr.o
 .text.substitute
                0x000000000008da84      0x11c cmd/setexpr.o
 .text.setexpr_regex_sub
                0x000000000008dba0      0x238 cmd/setexpr.o
                0x000000000008dba0                setexpr_regex_sub
 .text.regex_sub_var.part.1
                0x000000000008ddd8      0x100 cmd/setexpr.o
 .text.regex_sub_var
                0x000000000008ded8       0x74 cmd/setexpr.o
 .text.do_setexpr
                0x000000000008df4c      0x284 cmd/setexpr.o
 .text.do_sysboot
                0x000000000008e1d0      0x1fc cmd/sysboot.o
 .text.do_get_any
                0x000000000008e3cc       0x44 cmd/sysboot.o
 .text.do_get_fat
                0x000000000008e410       0x40 cmd/sysboot.o
 .text.do_get_ext2
                0x000000000008e450       0x40 cmd/sysboot.o
 .text.do_false
                0x000000000008e490        0x8 cmd/test.o
 .text.do_true  0x000000000008e498        0x8 cmd/test.o
 .text.do_test  0x000000000008e4a0      0x35c cmd/test.o
 .text.do_unlz4
                0x000000000008e7fc       0xcc cmd/unlz4.o
 .text.do_unzip
                0x000000000008e8c8       0xbc cmd/unzip.o
 .text.do_gzwrite
                0x000000000008e984      0x11c cmd/unzip.o
 .text.do_lzmadec
                0x000000000008eaa0       0xc8 cmd/lzmadec.o
 .text.usb_get_class_desc
                0x000000000008eb68       0xc0 cmd/usb.o
 .text.usb_display_class_sub
                0x000000000008ec28      0x18c cmd/usb.o
 .text.usb_display_desc
                0x000000000008edb4      0x144 cmd/usb.o
 .text.usb_show_tree_graph
                0x000000000008eef8      0x234 cmd/usb.o
 .text.usb_show_subtree
                0x000000000008f12c       0x38 cmd/usb.o
 .text.usb_for_each_root_dev
                0x000000000008f164       0x68 cmd/usb.o
 .text.usb_display_string
                0x000000000008f1cc       0x4c cmd/usb.o
 .text.usb_display_config
                0x000000000008f218      0x254 cmd/usb.o
 .text.usb_show_info
                0x000000000008f46c       0x78 cmd/usb.o
 .text.usb_find_device
                0x000000000008f4e4       0xb0 cmd/usb.o
 .text.do_usbboot
                0x000000000008f594        0xc cmd/usb.o
 .text.do_usb_start
                0x000000000008f5a0       0x28 cmd/usb.o
 .text.usb_show_tree
                0x000000000008f5c8        0xc cmd/usb.o
                0x000000000008f5c8                usb_show_tree
 .text.do_usb   0x000000000008f5d4      0x404 cmd/usb.o
 .text.common_diskboot
                0x000000000008f9d8      0x1d0 cmd/disk.o
                0x000000000008f9d8                common_diskboot
 .text.do_fs_uuid_wrapper
                0x000000000008fba8        0x8 cmd/fs_uuid.o
 .text.do_imgextract
                0x000000000008fbb0      0x2a0 cmd/ximg.o
 .text.do_env_delete
                0x000000000008fe50       0xc0 cmd/nvedit.o
 .text.do_env_save
                0x000000000008ff10       0x1c cmd/nvedit.o
 .text.do_env   0x000000000008ff2c       0x80 cmd/nvedit.o
 .text.env_print
                0x000000000008ffac       0xc4 cmd/nvedit.o
 .text.do_env_print
                0x0000000000090070       0xe0 cmd/nvedit.o
 .text.do_env_import
                0x0000000000090150      0x2ac cmd/nvedit.o
 .text.do_env_default
                0x00000000000903fc       0x98 cmd/nvedit.o
 .text.do_env_exists
                0x0000000000090494       0x60 cmd/nvedit.o
 .text._do_env_set.isra.1
                0x00000000000904f4      0x1bc cmd/nvedit.o
 .text.do_env_set
                0x00000000000906b0       0x20 cmd/nvedit.o
 .text.env_get_id
                0x00000000000906d0        0xc cmd/nvedit.o
                0x00000000000906d0                env_get_id
 .text.env_set  0x00000000000906dc       0x58 cmd/nvedit.o
                0x00000000000906dc                env_set
 .text.env_set_ulong
                0x0000000000090734       0x2c cmd/nvedit.o
                0x0000000000090734                env_set_ulong
 .text.env_set_hex
                0x0000000000090760       0x3c cmd/nvedit.o
                0x0000000000090760                env_set_hex
 .text.do_env_export
                0x000000000009079c      0x214 cmd/nvedit.o
 .text.env_match
                0x00000000000909b0       0x7c cmd/nvedit.o
                0x00000000000909b0                env_match
 .text.env_get_f
                0x0000000000090a2c      0x100 cmd/nvedit.o
                0x0000000000090a2c                env_get_f
 .text.env_get  0x0000000000090b2c       0x70 cmd/nvedit.o
                0x0000000000090b2c                env_get
 .text.env_get_hex
                0x0000000000090b9c       0x44 cmd/nvedit.o
                0x0000000000090b9c                env_get_hex
 .text.eth_env_get_enetaddr
                0x0000000000090be0       0x68 cmd/nvedit.o
                0x0000000000090be0                eth_env_get_enetaddr
 .text.eth_env_set_enetaddr
                0x0000000000090c48       0x54 cmd/nvedit.o
                0x0000000000090c48                eth_env_set_enetaddr
 .text.from_env
                0x0000000000090c9c       0x3c cmd/nvedit.o
                0x0000000000090c9c                from_env
 .text.env_get_ulong
                0x0000000000090cd8       0x3c cmd/nvedit.o
                0x0000000000090cd8                env_get_ulong
 .text.do_env_edit.part.4
                0x0000000000090d14       0xb4 cmd/nvedit.o
 .text.do_env_edit
                0x0000000000090dc8       0x28 cmd/nvedit.o
 .text.board_init_f_alloc_reserve
                0x0000000000090df0       0x10 common/init/board_init.o
                0x0000000000090df0                board_init_f_alloc_reserve
 .text.board_init_f_init_reserve
                0x0000000000090e00       0x30 common/init/board_init.o
                0x0000000000090e00                board_init_f_init_reserve
 .text.main_loop
                0x0000000000090e30       0x60 common/main.o
                0x0000000000090e30                main_loop
 .text.mdelay   0x0000000000090e90        0xc common/exports.o
 .text.dummy    0x0000000000090e9c        0x4 common/exports.o
 .text.get_version
                0x0000000000090ea0        0x8 common/exports.o
                0x0000000000090ea0                get_version
 .text.jumptable_init
                0x0000000000090ea8      0x1ec common/exports.o
                0x0000000000090ea8                jumptable_init
 .text.hash_command
                0x0000000000091094       0xc8 common/hash.o
                0x0000000000091094                hash_command
 .text.b_reset  0x000000000009115c       0x18 common/cli_hush.o
 .text.static_get
                0x0000000000091174       0x1c common/cli_hush.o
 .text.static_peek
                0x0000000000091190        0xc common/cli_hush.o
 .text.mapset   0x000000000009119c       0x20 common/cli_hush.o
 .text.free_pipe_list
                0x00000000000911bc       0xf0 common/cli_hush.o
 .text.syntax_err
                0x00000000000912ac        0xc common/cli_hush.o
 .text.xmalloc  0x00000000000912b8       0x28 common/cli_hush.o
 .text.new_pipe
                0x00000000000912e0       0x24 common/cli_hush.o
 .text.xrealloc
                0x0000000000091304       0x28 common/cli_hush.o
 .text.done_command
                0x000000000009132c       0x94 common/cli_hush.o
 .text.done_pipe
                0x00000000000913c0       0x58 common/cli_hush.o
 .text.done_word
                0x0000000000091418      0x2a0 common/cli_hush.o
 .text.is_assignment
                0x00000000000916b8       0x4c common/cli_hush.o
 .text.file_get
                0x0000000000091704      0x1f4 common/cli_hush.o
 .text.do_showvar
                0x00000000000918f8      0x10c common/cli_hush.o
 .text.b_addchr
                0x0000000000091a04       0x94 common/cli_hush.o
 .text.b_addqchr
                0x0000000000091a98       0x58 common/cli_hush.o
 .text.file_peek
                0x0000000000091af0        0xc common/cli_hush.o
 .text.get_local_var
                0x0000000000091afc       0x9c common/cli_hush.o
                0x0000000000091afc                get_local_var
 .text.set_local_var
                0x0000000000091b98      0x18c common/cli_hush.o
                0x0000000000091b98                set_local_var
 .text.insert_var_value_sub
                0x0000000000091d24      0x2c0 common/cli_hush.o
 .text.parse_string_outer
                0x0000000000091fe4       0xe4 common/cli_hush.o
                0x0000000000091fe4                parse_string_outer
 .text.run_list_real
                0x00000000000920c8      0x718 common/cli_hush.o
 .text.parse_stream_outer
                0x00000000000927e0      0x660 common/cli_hush.o
 .text.parse_file_outer
                0x0000000000092e40       0x40 common/cli_hush.o
                0x0000000000092e40                parse_file_outer
 .text.u_boot_hush_start
                0x0000000000092e80       0x58 common/cli_hush.o
                0x0000000000092e80                u_boot_hush_start
 .text.bootdelay_process
                0x0000000000092ed8       0xcc common/autoboot.o
                0x0000000000092ed8                bootdelay_process
 .text.autoboot_command
                0x0000000000092fa4      0x120 common/autoboot.o
                0x0000000000092fa4                autoboot_command
 .text.log_init
                0x00000000000930c4        0x8 common/board_f.o
 .text.display_text_info
                0x00000000000930cc        0x8 common/board_f.o
 .text.setup_mon_len
                0x00000000000930d4       0x20 common/board_f.o
 .text.reserve_round_4k
                0x00000000000930f4       0x14 common/board_f.o
 .text.reserve_uboot
                0x0000000000093108       0x38 common/board_f.o
 .text.checkcpu
                0x0000000000093140        0x8 common/board_f.o
                0x0000000000093140                checkcpu
 .text.dram_init_banksize
                0x0000000000093148       0x34 common/board_f.o
                0x0000000000093148                dram_init_banksize
 .text.setup_reloc
                0x000000000009317c       0x40 common/board_f.o
 .text.reserve_board
                0x00000000000931bc       0x4c common/board_f.o
 .text.reserve_video
                0x0000000000093208       0x2c common/board_f.o
 .text.announce_dram_init
                0x0000000000093234       0x20 common/board_f.o
 .text.init_baud_rate
                0x0000000000093254       0x30 common/board_f.o
 .text.initf_dm
                0x0000000000093284        0x8 common/board_f.o
 .text.clear_bss
                0x000000000009328c        0x8 common/board_f.o
                0x000000000009328c                clear_bss
 .text.setup_spl_handoff
                0x0000000000093294        0x8 common/board_f.o
 .text.reserve_trace
                0x000000000009329c        0x8 common/board_f.o
 .text.reserve_fdt
                0x00000000000932a4        0x8 common/board_f.o
 .text.reserve_bootstage
                0x00000000000932ac        0x8 common/board_f.o
 .text.reserve_bloblist
                0x00000000000932b4        0x8 common/board_f.o
 .text.display_new_sp
                0x00000000000932bc        0x8 common/board_f.o
 .text.reloc_fdt
                0x00000000000932c4        0x8 common/board_f.o
 .text.reloc_bootstage
                0x00000000000932cc        0x8 common/board_f.o
 .text.reloc_bloblist
                0x00000000000932d4        0x8 common/board_f.o
 .text.initf_bootstage
                0x00000000000932dc        0x8 common/board_f.o
 .text.reserve_arch
                0x00000000000932e4        0x8 common/board_f.o
                0x00000000000932e4                reserve_arch
 .text.arch_cpu_init_dm
                0x00000000000932ec        0x8 common/board_f.o
                0x00000000000932ec                arch_cpu_init_dm
 .text.reserve_malloc
                0x00000000000932f4       0x18 common/board_f.o
 .text.reserve_global_data
                0x000000000009330c       0x20 common/board_f.o
 .text.board_add_ram_info
                0x000000000009332c        0x4 common/board_f.o
                0x000000000009332c                board_add_ram_info
 .text.show_dram_config
                0x0000000000093330       0x38 common/board_f.o
 .text.setup_dest_addr
                0x0000000000093368       0x48 common/board_f.o
 .text.reserve_stacks
                0x00000000000933b0       0x14 common/board_f.o
 .text.arch_setup_bdinfo
                0x00000000000933c4        0x8 common/board_f.o
                0x00000000000933c4                arch_setup_bdinfo
 .text.setup_bdinfo
                0x00000000000933cc        0xc common/board_f.o
                0x00000000000933cc                setup_bdinfo
 .text.board_init_f
                0x00000000000933d8       0x74 common/board_f.o
                0x00000000000933d8                board_init_f
 .text.log_init
                0x000000000009344c        0x8 common/board_r.o
 .text.cpu_secondary_init_r
                0x0000000000093454        0x8 common/board_r.o
                0x0000000000093454                cpu_secondary_init_r
 .text.initr_trace
                0x000000000009345c        0x8 common/board_r.o
 .text.initr_reloc
                0x0000000000093464       0x18 common/board_r.o
 .text.run_main_loop
                0x000000000009347c       0x10 common/board_r.o
 .text.initr_net
                0x000000000009348c       0x24 common/board_r.o
 .text.initr_ethaddr
                0x00000000000934b0       0x28 common/board_r.o
 .text.initr_env
                0x00000000000934d8       0x74 common/board_r.o
 .text.initr_mmc
                0x000000000009354c       0x28 common/board_r.o
 .text.initr_dm
                0x0000000000093574       0x14 common/board_r.o
 .text.initr_malloc
                0x0000000000093588       0x28 common/board_r.o
 .text.initr_reloc_global_data
                0x00000000000935b0       0x60 common/board_r.o
 .text.initr_caches
                0x0000000000093610       0x18 common/board_r.o
 .text.arch_initr_trap
                0x0000000000093628        0x8 common/board_r.o
                0x0000000000093628                arch_initr_trap
 .text.initr_barrier
                0x0000000000093630        0x8 common/board_r.o
 .text.initr_of_live
                0x0000000000093638        0x8 common/board_r.o
 .text.initr_dm_devices
                0x0000000000093640        0x8 common/board_r.o
 .text.initr_bootstage
                0x0000000000093648        0x8 common/board_r.o
 .text.power_init_board
                0x0000000000093650        0x8 common/board_r.o
                0x0000000000093650                power_init_board
 .text.initr_announce
                0x0000000000093658        0x8 common/board_r.o
 .text.initr_binman
                0x0000000000093660        0x8 common/board_r.o
 .text.board_init_r
                0x0000000000093668       0x6c common/board_r.o
                0x0000000000093668                board_init_r
 .text.bootm_find_images
                0x00000000000936d4      0x16c common/bootm.o
                0x00000000000936d4                bootm_find_images
 .text.bootm_disable_interrupts
                0x0000000000093840       0x28 common/bootm.o
                0x0000000000093840                bootm_disable_interrupts
 .text.do_bootm_states
                0x0000000000093868      0x6d4 common/bootm.o
                0x0000000000093868                do_bootm_states
 .text.do_bootm_vxworks
                0x0000000000093f3c      0x1f4 common/bootm_os.o
                0x0000000000093f3c                do_bootm_vxworks
 .text.copy_args
                0x0000000000094130       0x70 common/bootm_os.o
 .text.do_bootm_rtems
                0x00000000000941a0       0x48 common/bootm_os.o
 .text.do_bootm_plan9
                0x00000000000941e8       0xb0 common/bootm_os.o
 .text.do_bootm_standalone
                0x0000000000094298       0x74 common/bootm_os.o
 .text.do_bootm_qnxelf
                0x000000000009430c       0x7c common/bootm_os.o
 .text.do_bootm_netbsd
                0x0000000000094388      0x110 common/bootm_os.o
 .text.arch_preboot_os
                0x0000000000094498        0x4 common/bootm_os.o
                0x0000000000094498                arch_preboot_os
 .text.board_preboot_os
                0x000000000009449c        0x4 common/bootm_os.o
                0x000000000009449c                board_preboot_os
 .text.boot_selected_os
                0x00000000000944a0       0x74 common/bootm_os.o
                0x00000000000944a0                boot_selected_os
 .text.bootm_os_get_boot_func
                0x0000000000094514       0x10 common/bootm_os.o
                0x0000000000094514                bootm_os_get_boot_func
 .text.of_bus_default_map
                0x0000000000094524       0xa8 common/fdt_support.o
 .text.fdt_read_prop
                0x00000000000945cc       0x60 common/fdt_support.o
 .text.fdt_pack_reg
                0x000000000009462c       0xd4 common/fdt_support.o
 .text.of_bus_default_translate
                0x0000000000094700       0xb8 common/fdt_support.o
 .text.fdt_support_default_count_cells
                0x00000000000947b8       0x70 common/fdt_support.o
                0x00000000000947b8                fdt_support_default_count_cells
 .text.__of_translate_address
                0x0000000000094828      0x278 common/fdt_support.o
 .text.fdt_getprop_u32_default_node
                0x0000000000094aa0       0x4c common/fdt_support.o
                0x0000000000094aa0                fdt_getprop_u32_default_node
 .text.fdt_find_and_setprop
                0x0000000000094aec       0x9c common/fdt_support.o
                0x0000000000094aec                fdt_find_and_setprop
 .text.fdt_find_or_add_subnode
                0x0000000000094b88       0x74 common/fdt_support.o
                0x0000000000094b88                fdt_find_or_add_subnode
 .text.fdt_root
                0x0000000000094bfc       0x98 common/fdt_support.o
                0x0000000000094bfc                fdt_root
 .text.fdt_initrd
                0x0000000000094c94      0x1b4 common/fdt_support.o
                0x0000000000094c94                fdt_initrd
 .text.board_fdt_chosen_bootargs
                0x0000000000094e48        0xc common/fdt_support.o
                0x0000000000094e48                board_fdt_chosen_bootargs
 .text.fdt_chosen
                0x0000000000094e54       0xb4 common/fdt_support.o
                0x0000000000094e54                fdt_chosen
 .text.do_fixup_by_path
                0x0000000000094f08       0x4c common/fdt_support.o
                0x0000000000094f08                do_fixup_by_path
 .text.fdt_fixup_memory_banks
                0x0000000000094f54      0x188 common/fdt_support.o
                0x0000000000094f54                fdt_fixup_memory_banks
 .text.fdt_fixup_memory
                0x00000000000950dc       0x24 common/fdt_support.o
                0x00000000000950dc                fdt_fixup_memory
 .text.fdt_fixup_ethernet
                0x0000000000095100      0x1ac common/fdt_support.o
                0x0000000000095100                fdt_fixup_ethernet
 .text.fdt_shrink_to_minimum
                0x00000000000952ac       0xdc common/fdt_support.o
                0x00000000000952ac                fdt_shrink_to_minimum
 .text.fdt_translate_address
                0x0000000000095388        0xc common/fdt_support.o
                0x0000000000095388                fdt_translate_address
 .text.fdt_read_range
                0x0000000000095394      0x154 common/fdt_support.o
                0x0000000000095394                fdt_read_range
 .text.fdt_setup_simplefb_node
                0x00000000000954e8      0x1f8 common/fdt_support.o
                0x00000000000954e8                fdt_setup_simplefb_node
 .text.fdt_overlay_apply_verbose
                0x00000000000956e0       0x80 common/fdt_support.o
                0x00000000000956e0                fdt_overlay_apply_verbose
 .text.fdt_valid
                0x0000000000095760       0xcc common/fdt_support.o
                0x0000000000095760                fdt_valid
 .text.miiphy_get_dev_by_name
                0x000000000009582c       0x68 common/miiphyutil.o
                0x000000000009582c                miiphy_get_dev_by_name
 .text.miiphy_init
                0x0000000000095894       0x1c common/miiphyutil.o
                0x0000000000095894                miiphy_init
 .text.mdio_alloc
                0x00000000000958b0       0x3c common/miiphyutil.o
                0x00000000000958b0                mdio_alloc
 .text.mdio_free
                0x00000000000958ec        0x4 common/miiphyutil.o
                0x00000000000958ec                mdio_free
 .text.mdio_register
                0x00000000000958f0       0x8c common/miiphyutil.o
                0x00000000000958f0                mdio_register
 .text.mdio_unregister
                0x000000000009597c       0x30 common/miiphyutil.o
                0x000000000009597c                mdio_unregister
 .text.mdio_list_devices
                0x00000000000959ac       0xc8 common/miiphyutil.o
                0x00000000000959ac                mdio_list_devices
 .text.miiphy_set_current_dev
                0x0000000000095a74       0x40 common/miiphyutil.o
                0x0000000000095a74                miiphy_set_current_dev
 .text.miiphy_get_active_dev
                0x0000000000095ab4       0x60 common/miiphyutil.o
 .text.mdio_get_current_dev
                0x0000000000095b14        0xc common/miiphyutil.o
                0x0000000000095b14                mdio_get_current_dev
 .text.mdio_phydev_for_ethname
                0x0000000000095b20       0xa0 common/miiphyutil.o
                0x0000000000095b20                mdio_phydev_for_ethname
 .text.miiphy_get_current_dev
                0x0000000000095bc0       0x14 common/miiphyutil.o
                0x0000000000095bc0                miiphy_get_current_dev
 .text.miiphy_read
                0x0000000000095bd4       0x5c common/miiphyutil.o
                0x0000000000095bd4                miiphy_read
 .text.miiphy_write
                0x0000000000095c30       0x5c common/miiphyutil.o
                0x0000000000095c30                miiphy_write
 .text.miiphy_listdev
                0x0000000000095c8c       0x90 common/miiphyutil.o
                0x0000000000095c8c                miiphy_listdev
 .text.miiphy_info
                0x0000000000095d1c       0xa0 common/miiphyutil.o
                0x0000000000095d1c                miiphy_info
 .text.miiphy_speed
                0x0000000000095dbc       0xc8 common/miiphyutil.o
                0x0000000000095dbc                miiphy_speed
 .text.miiphy_duplex
                0x0000000000095e84       0xc8 common/miiphyutil.o
                0x0000000000095e84                miiphy_duplex
 .text.miiphy_is_1000base_x
                0x0000000000095f4c        0x8 common/miiphyutil.o
                0x0000000000095f4c                miiphy_is_1000base_x
 .text.usb_set_maxpacket_ep
                0x0000000000095f54       0x84 common/usb.o
 .text.usb_int_msg
                0x0000000000095fd8        0x4 common/usb.o
                0x0000000000095fd8                usb_int_msg
 .text.usb_control_msg
                0x0000000000095fdc       0xa0 common/usb.o
                0x0000000000095fdc                usb_control_msg
 .text.usb_get_descriptor
                0x000000000009607c       0x5c common/usb.o
 .text.get_descriptor_len
                0x00000000000960d8       0xa4 common/usb.o
 .text.usb_setup_descriptor
                0x000000000009617c       0xec common/usb.o
 .text.usb_get_string
                0x0000000000096268       0xa4 common/usb.o
 .text.usb_string_sub
                0x000000000009630c      0x118 common/usb.o
 .text.usb_bulk_msg
                0x0000000000096424       0x80 common/usb.o
                0x0000000000096424                usb_bulk_msg
 .text.usb_maxpacket
                0x00000000000964a4       0x1c common/usb.o
                0x00000000000964a4                usb_maxpacket
 .text.usb_clear_halt
                0x00000000000964c0       0xa0 common/usb.o
                0x00000000000964c0                usb_clear_halt
 .text.usb_get_configuration_len
                0x0000000000096560       0x78 common/usb.o
                0x0000000000096560                usb_get_configuration_len
 .text.usb_get_configuration_no
                0x00000000000965d8       0x40 common/usb.o
                0x00000000000965d8                usb_get_configuration_no
 .text.usb_set_interface
                0x0000000000096618       0xc0 common/usb.o
                0x0000000000096618                usb_set_interface
 .text.usb_set_protocol
                0x00000000000966d8       0x4c common/usb.o
                0x00000000000966d8                usb_set_protocol
 .text.usb_set_idle
                0x0000000000096724       0x4c common/usb.o
                0x0000000000096724                usb_set_idle
 .text.usb_string
                0x0000000000096770      0x110 common/usb.o
                0x0000000000096770                usb_string
 .text.usb_select_config
                0x0000000000096880      0x4ac common/usb.o
                0x0000000000096880                usb_select_config
 .text.usb_setup_device
                0x0000000000096d2c      0x114 common/usb.o
                0x0000000000096d2c                usb_setup_device
 .text.usb_device_has_child_on_port
                0x0000000000096e40        0x8 common/usb.o
                0x0000000000096e40                usb_device_has_child_on_port
 .text.usb_find_usb2_hub_address_port
                0x0000000000096e48       0x90 common/usb.o
                0x0000000000096e48                usb_find_usb2_hub_address_port
 .text.usb_set_port_feature
                0x0000000000096ed8       0x4c common/usb_hub.o
 .text.usb_clear_port_feature
                0x0000000000096f24       0x4c common/usb_hub.o
 .text.usb_get_hub_descriptor
                0x0000000000096f70       0x64 common/usb_hub.o
 .text.usb_hub_reset_devices
                0x0000000000096fd4        0x4 common/usb_hub.o
                0x0000000000096fd4                usb_hub_reset_devices
 .text.usb_hub_is_root_hub
                0x0000000000096fd8       0x20 common/usb_hub.o
                0x0000000000096fd8                usb_hub_is_root_hub
 .text.usb_get_port_status
                0x0000000000096ff8       0xc8 common/usb_hub.o
                0x0000000000096ff8                usb_get_port_status
 .text.usb_hub_port_connect_change
                0x00000000000970c0      0x180 common/usb_hub.o
                0x00000000000970c0                usb_hub_port_connect_change
 .text.usb_hub_configure
                0x0000000000097240      0x5a0 common/usb_hub.o
 .text.usb_hub_scan
                0x00000000000977e0       0x14 common/usb_hub.o
                0x00000000000977e0                usb_hub_scan
 .text.usb_hub_post_probe
                0x00000000000977f4        0x4 common/usb_hub.o
 .text.usb_stor_irq
                0x00000000000977f8       0x18 common/usb_storage.o
 .text.usb_stor_BBB_reset
                0x0000000000097810       0xec common/usb_storage.o
 .text.usb_stor_CB_reset
                0x00000000000978fc       0xd4 common/usb_storage.o
 .text.usb_stor_BBB_clear_endpt_stall.isra.0
                0x00000000000979d0       0x4c common/usb_storage.o
 .text.usb_stor_BBB_transport
                0x0000000000097a1c      0x244 common/usb_storage.o
 .text.usb_stor_CB_comdat
                0x0000000000097c60      0x1ec common/usb_storage.o
 .text.usb_stor_CBI_get_status.isra.2
                0x0000000000097e4c       0xd4 common/usb_storage.o
 .text.usb_stor_CB_transport
                0x0000000000097f20      0x1f4 common/usb_storage.o
 .text.usb_request_sense.constprop.11
                0x0000000000098114       0x8c common/usb_storage.o
 .text.usb_stor_read
                0x00000000000981a0      0x19c common/usb_storage.o
 .text.usb_stor_write
                0x000000000009833c      0x19c common/usb_storage.o
 .text.usb_stor_info
                0x00000000000984d8       0x88 common/usb_storage.o
                0x00000000000984d8                usb_stor_info
 .text.usb_stor_reset
                0x0000000000098560        0xc common/usb_storage.o
                0x0000000000098560                usb_stor_reset
 .text.usb_stor_scan
                0x000000000009856c       0x4c common/usb_storage.o
                0x000000000009856c                usb_stor_scan
 .text.usb_storage_probe
                0x00000000000985b8      0x268 common/usb_storage.o
                0x00000000000985b8                usb_storage_probe
 .text.usb_stor_get_info
                0x0000000000098820      0x2e8 common/usb_storage.o
                0x0000000000098820                usb_stor_get_info
 .text.usb_mass_storage_probe
                0x0000000000098b08      0x18c common/usb_storage.o
 .text.iomux_match_device
                0x0000000000098c94       0x30 common/iomux.o
                0x0000000000098c94                iomux_match_device
 .text.iomux_doenv
                0x0000000000098cc4      0x1d8 common/iomux.o
                0x0000000000098cc4                iomux_doenv
 .text.iomux_replace_device
                0x0000000000098e9c      0x148 common/iomux.o
                0x0000000000098e9c                iomux_replace_device
 .text.lcd_dt_simplefb_configure_node
                0x0000000000098fe4       0xa0 common/lcd_simplefb.o
 .text.lcd_dt_simplefb_add_node
                0x0000000000099084       0x94 common/lcd_simplefb.o
                0x0000000000099084                lcd_dt_simplefb_add_node
 .text.menu_default_set
                0x0000000000099118       0x94 common/menu.o
                0x0000000000099118                menu_default_set
 .text.menu_get_choice
                0x00000000000991ac      0x1f8 common/menu.o
                0x00000000000991ac                menu_get_choice
 .text.menu_item_add
                0x00000000000993a4       0xf0 common/menu.o
                0x00000000000993a4                menu_item_add
 .text.menu_create
                0x0000000000099494       0x9c common/menu.o
                0x0000000000099494                menu_create
 .text.menu_destroy
                0x0000000000099530       0x80 common/menu.o
                0x0000000000099530                menu_destroy
 .text.usb_kbd_put_queue
                0x00000000000995b0       0x40 common/usb_kbd.o
 .text.usb_kbd_remove
                0x00000000000995f0       0xb4 common/usb_kbd.o
 .text.usb_kbd_translate.part.0
                0x00000000000996a4      0x204 common/usb_kbd.o
 .text.usb_kbd_probe
                0x00000000000998a8      0x1f4 common/usb_kbd.o
 .text.usb_kbd_irq_worker
                0x0000000000099a9c      0x1bc common/usb_kbd.o
 .text.usb_kbd_getc
                0x0000000000099c58       0x74 common/usb_kbd.o
 .text.usb_kbd_testc
                0x0000000000099ccc       0x90 common/usb_kbd.o
 .text.usb_kbd_irq
                0x0000000000099d5c       0x20 common/usb_kbd.o
 .text.delete_char.part.0
                0x0000000000099d7c       0xfc common/cli_readline.o
 .text.cread_add_char
                0x0000000000099e78      0x100 common/cli_readline.o
 .text.cli_readline_into_buffer
                0x0000000000099f78      0x934 common/cli_readline.o
                0x0000000000099f78                cli_readline_into_buffer
 .text.cli_readline
                0x000000000009a8ac       0x14 common/cli_readline.o
                0x000000000009a8ac                cli_readline
 .text.cli_simple_process_macros
                0x000000000009a8c0      0x210 common/cli_simple.o
                0x000000000009a8c0                cli_simple_process_macros
 .text.console_tstc
                0x000000000009aad0       0xb0 common/console.o
 .text.console_putc
                0x000000000009ab80       0x78 common/console.o
 .text.console_puts
                0x000000000009abf8       0x78 common/console.o
 .text.on_console
                0x000000000009ac70       0xc4 common/console.o
 .text.console_needs_start_stop
                0x000000000009ad34       0x78 common/console.o
 .text.serial_printf
                0x000000000009adac       0xb0 common/console.o
                0x000000000009adac                serial_printf
 .text.puts     0x000000000009ae5c       0x28 common/console.o
                0x000000000009ae5c                puts
 .text.putc     0x000000000009ae84       0x2c common/console.o
                0x000000000009ae84                putc
 .text.console_getc.isra.2
                0x000000000009aeb0       0x30 common/console.o
 .text.tstc     0x000000000009aee0       0x24 common/console.o
                0x000000000009aee0                tstc
 .text.getchar  0x000000000009af04       0x4c common/console.o
                0x000000000009af04                getchar
 .text.console_start
                0x000000000009af50       0x48 common/console.o
                0x000000000009af50                console_start
 .text.console_stop
                0x000000000009af98       0x40 common/console.o
                0x000000000009af98                console_stop
 .text.fputs    0x000000000009afd8       0x10 common/console.o
                0x000000000009afd8                fputs
 .text.ctrlc    0x000000000009afe8       0x54 common/console.o
                0x000000000009afe8                ctrlc
 .text.disable_ctrlc
                0x000000000009b03c       0x14 common/console.o
                0x000000000009b03c                disable_ctrlc
 .text.had_ctrlc
                0x000000000009b050        0xc common/console.o
                0x000000000009b050                had_ctrlc
 .text.clear_ctrlc
                0x000000000009b05c        0xc common/console.o
                0x000000000009b05c                clear_ctrlc
 .text.console_search_dev
                0x000000000009b068       0x34 common/console.o
                0x000000000009b068                console_search_dev
 .text.console_assign
                0x000000000009b09c       0xd4 common/console.o
                0x000000000009b09c                console_assign
 .text.console_init_f
                0x000000000009b170       0x18 common/console.o
                0x000000000009b170                console_init_f
 .text.stdio_print_current_devices
                0x000000000009b188       0xbc common/console.o
                0x000000000009b188                stdio_print_current_devices
 .text.console_init_r
                0x000000000009b244      0x1a4 common/console.o
                0x000000000009b244                console_init_r
 .text.sbrk     0x000000000009b3e8       0x74 common/dlmalloc.o
                0x000000000009b3e8                sbrk
 .text.mem_malloc_init
                0x000000000009b45c       0x28 common/dlmalloc.o
                0x000000000009b45c                mem_malloc_init
 .text.malloc_trim
                0x000000000009b484       0xd8 common/dlmalloc.o
                0x000000000009b484                malloc_trim
 .text.free     0x000000000009b55c      0x21c common/dlmalloc.o
                0x000000000009b55c                free
 .text.malloc   0x000000000009b778      0x628 common/dlmalloc.o
                0x000000000009b778                malloc
 .text.calloc   0x000000000009bda0       0xdc common/dlmalloc.o
                0x000000000009bda0                calloc
 .text.realloc  0x000000000009be7c      0x460 common/dlmalloc.o
                0x000000000009be7c                realloc
 .text.memalign
                0x000000000009c2dc      0x1b0 common/dlmalloc.o
                0x000000000009c2dc                memalign
 .text.initf_malloc
                0x000000000009c48c       0x18 common/dlmalloc.o
                0x000000000009c48c                initf_malloc
 .text.alloc_simple
                0x000000000009c4a4       0x6c common/malloc_simple.o
 .text.malloc_simple
                0x000000000009c510        0x8 common/malloc_simple.o
                0x000000000009c510                malloc_simple
 .text.memalign_simple
                0x000000000009c518       0x10 common/malloc_simple.o
                0x000000000009c518                memalign_simple
 .text.on_loadaddr
                0x000000000009c528       0x40 common/image.o
 .text.image_check_hcrc
                0x000000000009c568       0x50 common/image.o
                0x000000000009c568                image_check_hcrc
 .text.image_check_dcrc
                0x000000000009c5b8       0x44 common/image.o
                0x000000000009c5b8                image_check_dcrc
 .text.image_multi_count
                0x000000000009c5fc       0x1c common/image.o
                0x000000000009c5fc                image_multi_count
 .text.image_multi_getimg
                0x000000000009c618       0x84 common/image.o
                0x000000000009c618                image_multi_getimg
 .text.image_decomp_type
                0x000000000009c69c       0x58 common/image.o
                0x000000000009c69c                image_decomp_type
 .text.env_get_bootm_low
                0x000000000009c6f4       0x30 common/image.o
                0x000000000009c6f4                env_get_bootm_low
 .text.env_get_bootm_size
                0x000000000009c724       0x88 common/image.o
                0x000000000009c724                env_get_bootm_size
 .text.env_get_bootm_mapsize
                0x000000000009c7ac       0x30 common/image.o
                0x000000000009c7ac                env_get_bootm_mapsize
 .text.memmove_wd
                0x000000000009c7dc       0x10 common/image.o
                0x000000000009c7dc                memmove_wd
 .text.genimg_print_size
                0x000000000009c7ec       0x38 common/image.o
                0x000000000009c7ec                genimg_print_size
 .text.get_table_entry
                0x000000000009c824       0x20 common/image.o
                0x000000000009c824                get_table_entry
 .text.get_table_entry_name
                0x000000000009c844       0x28 common/image.o
                0x000000000009c844                get_table_entry_name
 .text.genimg_get_os_name
                0x000000000009c86c       0x18 common/image.o
                0x000000000009c86c                genimg_get_os_name
 .text.genimg_get_arch_name
                0x000000000009c884       0x18 common/image.o
                0x000000000009c884                genimg_get_arch_name
 .text.genimg_get_type_name
                0x000000000009c89c       0x18 common/image.o
                0x000000000009c89c                genimg_get_type_name
 .text.image_decomp
                0x000000000009c8b4      0x168 common/image.o
                0x000000000009c8b4                image_decomp
 .text.genimg_get_comp_name
                0x000000000009ca1c       0x18 common/image.o
                0x000000000009ca1c                genimg_get_comp_name
 .text.image_print_contents
                0x000000000009ca34      0x1bc common/image.o
                0x000000000009ca34                image_print_contents
 .text.genimg_get_kernel_addr_fit
                0x000000000009cbf0       0x1c common/image.o
                0x000000000009cbf0                genimg_get_kernel_addr_fit
 .text.genimg_get_kernel_addr
                0x000000000009cc0c       0x20 common/image.o
                0x000000000009cc0c                genimg_get_kernel_addr
 .text.genimg_get_format
                0x000000000009cc2c       0x3c common/image.o
                0x000000000009cc2c                genimg_get_format
 .text.genimg_has_config
                0x000000000009cc68        0x8 common/image.o
                0x000000000009cc68                genimg_has_config
 .text.boot_get_ramdisk
                0x000000000009cc70      0x224 common/image.o
                0x000000000009cc70                boot_get_ramdisk
 .text.boot_ramdisk_high
                0x000000000009ce94      0x12c common/image.o
                0x000000000009ce94                boot_ramdisk_high
 .text.boot_get_setup
                0x000000000009cfc0        0x8 common/image.o
                0x000000000009cfc0                boot_get_setup
 .text.image_setup_linux
                0x000000000009cfc8       0x6c common/image.o
                0x000000000009cfc8                image_setup_linux
 .text.fdt_error
                0x000000000009d034       0x38 common/image-fdt.o
 .text.boot_fdt_reserve_region
                0x000000000009d06c       0x64 common/image-fdt.o
 .text.boot_fdt_add_mem_rsv_regions
                0x000000000009d0d0      0x134 common/image-fdt.o
                0x000000000009d0d0                boot_fdt_add_mem_rsv_regions
 .text.boot_relocate_fdt
                0x000000000009d204      0x1b4 common/image-fdt.o
                0x000000000009d204                boot_relocate_fdt
 .text.boot_get_fdt
                0x000000000009d3b8      0x290 common/image-fdt.o
                0x000000000009d3b8                boot_get_fdt
 .text.ft_verify_fdt
                0x000000000009d648        0x8 common/image-fdt.o
                0x000000000009d648                ft_verify_fdt
 .text.image_setup_libfdt
                0x000000000009d650      0x16c common/image-fdt.o
                0x000000000009d650                image_setup_libfdt
 .text.get_effective_memsize
                0x000000000009d7bc        0x8 common/memsize.o
                0x000000000009d7bc                get_effective_memsize
 .text.nulldev_putc
                0x000000000009d7c4        0x4 common/stdio.o
 .text.nulldev_puts
                0x000000000009d7c8        0x4 common/stdio.o
 .text.nulldev_input
                0x000000000009d7cc        0x8 common/stdio.o
 .text.stdio_serial_tstc
                0x000000000009d7d4        0x4 common/stdio.o
 .text.stdio_serial_getc
                0x000000000009d7d8        0x4 common/stdio.o
 .text.stdio_serial_puts
                0x000000000009d7dc        0x8 common/stdio.o
 .text.stdio_serial_putc
                0x000000000009d7e4        0x8 common/stdio.o
 .text.stdio_file_to_flags
                0x000000000009d7ec       0x30 common/stdio.o
                0x000000000009d7ec                stdio_file_to_flags
 .text.stdio_get_list
                0x000000000009d81c       0x10 common/stdio.o
                0x000000000009d81c                stdio_get_list
 .text.stdio_get_by_name
                0x000000000009d82c      0x104 common/stdio.o
                0x000000000009d82c                stdio_get_by_name
 .text.stdio_clone
                0x000000000009d930       0x4c common/stdio.o
                0x000000000009d930                stdio_clone
 .text.stdio_register_dev
                0x000000000009d97c       0x58 common/stdio.o
                0x000000000009d97c                stdio_register_dev
 .text.stdio_register
                0x000000000009d9d4        0x8 common/stdio.o
                0x000000000009d9d4                stdio_register
 .text.stdio_deregister_dev
                0x000000000009d9dc      0x120 common/stdio.o
                0x000000000009d9dc                stdio_deregister_dev
 .text.stdio_init_tables
                0x000000000009dafc       0x18 common/stdio.o
                0x000000000009dafc                stdio_init_tables
 .text.stdio_add_devices
                0x000000000009db14      0x138 common/stdio.o
                0x000000000009db14                stdio_add_devices
 .text.run_command
                0x000000000009dc4c       0x14 common/cli.o
                0x000000000009dc4c                run_command
 .text.run_command_list
                0x000000000009dc60       0x90 common/cli.o
                0x000000000009dc60                run_command_list
 .text.do_run   0x000000000009dcf0       0x88 common/cli.o
                0x000000000009dcf0                do_run
 .text.cli_process_fdt
                0x000000000009dd78       0x50 common/cli.o
                0x000000000009dd78                cli_process_fdt
 .text.cli_secure_boot_cmd
                0x000000000009ddc8       0x74 common/cli.o
                0x000000000009ddc8                cli_secure_boot_cmd
 .text.cli_loop
                0x000000000009de3c       0x10 common/cli.o
                0x000000000009de3c                cli_loop
 .text.cli_init
                0x000000000009de4c        0x4 common/cli.o
                0x000000000009de4c                cli_init
 .text.find_cmd_tbl
                0x000000000009de50       0xc0 common/command.o
                0x000000000009de50                find_cmd_tbl
 .text.find_cmd
                0x000000000009df10       0x30 common/command.o
                0x000000000009df10                find_cmd
 .text.cmd_usage
                0x000000000009df40       0x68 common/command.o
                0x000000000009df40                cmd_usage
 .text._do_help
                0x000000000009dfa8      0x188 common/command.o
                0x000000000009dfa8                _do_help
 .text.var_complete
                0x000000000009e130       0x80 common/command.o
                0x000000000009e130                var_complete
 .text.complete_subcmdv
                0x000000000009e1b0      0x1b4 common/command.o
                0x000000000009e1b0                complete_subcmdv
 .text.cmd_auto_complete
                0x000000000009e364      0x3f4 common/command.o
                0x000000000009e364                cmd_auto_complete
 .text.cmd_get_data_size
                0x000000000009e758       0x90 common/command.o
                0x000000000009e758                cmd_get_data_size
 .text.cmd_always_repeatable
                0x000000000009e7e8       0x10 common/command.o
                0x000000000009e7e8                cmd_always_repeatable
 .text.cmd_never_repeatable
                0x000000000009e7f8        0xc common/command.o
                0x000000000009e7f8                cmd_never_repeatable
 .text.cmd_process
                0x000000000009e804      0x164 common/command.o
                0x000000000009e804                cmd_process
 .text.cmd_process_error
                0x000000000009e968       0x40 common/command.o
                0x000000000009e968                cmd_process_error
 .text.hex1_bin
                0x000000000009e9a8       0x44 common/s_record.o
 .text.hex2_bin
                0x000000000009e9ec       0x40 common/s_record.o
 .text.srec_decode
                0x000000000009ea2c      0x228 common/s_record.o
                0x000000000009ea2c                srec_decode
 .text.CYGACC_COMM_IF_GETC_TIMEOUT.isra.0
                0x000000000009ec54       0x54 common/xyzModem.o
 .text.xyzModem_flush
                0x000000000009eca8       0x1c common/xyzModem.o
 .text.xyzModem_get_hdr
                0x000000000009ecc4      0x200 common/xyzModem.o
 .text.xyzModem_stream_open
                0x000000000009eec4      0x23c common/xyzModem.o
                0x000000000009eec4                xyzModem_stream_open
 .text.xyzModem_stream_read
                0x000000000009f100      0x254 common/xyzModem.o
                0x000000000009f100                xyzModem_stream_read
 .text.xyzModem_stream_close
                0x000000000009f354       0x3c common/xyzModem.o
                0x000000000009f354                xyzModem_stream_close
 .text.xyzModem_stream_terminate
                0x000000000009f390       0xa4 common/xyzModem.o
                0x000000000009f390                xyzModem_stream_terminate
 .text.xyzModem_error
                0x000000000009f434       0x28 common/xyzModem.o
                0x000000000009f434                xyzModem_error
 .text.part_driver_lookup_type
                0x000000000009f45c       0xa8 disk/part.o
 .text.dev_print
                0x000000000009f504      0x1f0 disk/part.o
                0x000000000009f504                dev_print
 .text.part_init
                0x000000000009f6f4       0x88 disk/part.o
                0x000000000009f6f4                part_init
 .text.part_print
                0x000000000009f77c      0x144 disk/part.o
                0x000000000009f77c                part_print
 .text.part_get_info
                0x000000000009f8c0       0x64 disk/part.o
                0x000000000009f8c0                part_get_info
 .text.part_get_info_whole_disk
                0x000000000009f924       0x5c disk/part.o
                0x000000000009f924                part_get_info_whole_disk
 .text.blk_get_device_by_str
                0x000000000009f980      0x140 disk/part.o
                0x000000000009f980                blk_get_device_by_str
 .text.blk_get_device_part_str
                0x000000000009fac0      0x378 disk/part.o
                0x000000000009fac0                blk_get_device_part_str
 .text.part_get_info_by_name_type
                0x000000000009fe38       0x94 disk/part.o
                0x000000000009fe38                part_get_info_by_name_type
 .text.part_get_info_by_name
                0x000000000009fecc        0x8 disk/part.o
                0x000000000009fecc                part_get_info_by_name
 .text.part_get_info_by_dev_and_name_or_num
                0x000000000009fed4       0xfc disk/part.o
                0x000000000009fed4                part_get_info_by_dev_and_name_or_num
 .text.part_set_generic_name
                0x000000000009ffd0       0x48 disk/part.o
                0x000000000009ffd0                part_set_generic_name
 .text.test_block_type
                0x00000000000a0018       0xc8 disk/part_dos.o
 .text.part_test_dos
                0x00000000000a00e0       0x88 disk/part_dos.o
 .text.part_get_info_extended
                0x00000000000a0168      0x274 disk/part_dos.o
 .text.part_get_info_dos
                0x00000000000a03dc       0x1c disk/part_dos.o
 .text.print_partition_extended
                0x00000000000a03f8      0x234 disk/part_dos.o
 .text.part_print_dos
                0x00000000000a062c       0x3c disk/part_dos.o
 .text.iso_dread
                0x00000000000a0668       0x48 disk/part_iso.o
                0x00000000000a0668                iso_dread
 .text.part_get_info_iso_verb
                0x00000000000a06b0      0x374 disk/part_iso.o
                0x00000000000a06b0                part_get_info_iso_verb
 .text.part_test_iso
                0x00000000000a0a24       0x20 disk/part_iso.o
 .text.part_print_iso
                0x00000000000a0a44       0xa4 disk/part_iso.o
 .text.part_get_info_iso
                0x00000000000a0ae8        0x8 disk/part_iso.o
 .text.print_efiname
                0x00000000000a0af0       0x54 disk/part_efi.o
 .text.part_test_efi
                0x00000000000a0b44       0xb8 disk/part_efi.o
 .text.validate_gpt_entries
                0x00000000000a0bfc       0xa8 disk/part_efi.o
 .text.validate_gpt_header
                0x00000000000a0ca4      0x230 disk/part_efi.o
 .text.is_gpt_valid
                0x00000000000a0ed4      0x2d4 disk/part_efi.o
 .text.is_pte_valid
                0x00000000000a11a8       0x64 disk/part_efi.o
 .text.find_valid_gpt
                0x00000000000a120c       0xcc disk/part_efi.o
 .text.part_print_efi
                0x00000000000a12d8      0x214 disk/part_efi.o
                0x00000000000a12d8                part_print_efi
 .text.part_get_info_efi
                0x00000000000a14ec      0x1e8 disk/part_efi.o
                0x00000000000a14ec                part_get_info_efi
 .text.alloc_priv
                0x00000000000a16d4       0x68 drivers/core/device.o
 .text.dev_get_plat
                0x00000000000a173c       0x40 drivers/core/device.o
                0x00000000000a173c                dev_get_plat
 .text.dev_get_parent_plat
                0x00000000000a177c       0x40 drivers/core/device.o
                0x00000000000a177c                dev_get_parent_plat
 .text.dev_get_uclass_plat
                0x00000000000a17bc       0x40 drivers/core/device.o
                0x00000000000a17bc                dev_get_uclass_plat
 .text.device_bind_common.isra.11
                0x00000000000a17fc      0x334 drivers/core/device.o
 .text.device_bind_with_driver_data
                0x00000000000a1b30       0x14 drivers/core/device.o
                0x00000000000a1b30                device_bind_with_driver_data
 .text.device_bind
                0x00000000000a1b44       0x10 drivers/core/device.o
                0x00000000000a1b44                device_bind
 .text.device_bind_by_name
                0x00000000000a1b54       0x80 drivers/core/device.o
                0x00000000000a1b54                device_bind_by_name
 .text.dev_get_priv
                0x00000000000a1bd4       0x40 drivers/core/device.o
                0x00000000000a1bd4                dev_get_priv
 .text.dev_get_uclass_priv
                0x00000000000a1c14       0x40 drivers/core/device.o
                0x00000000000a1c14                dev_get_uclass_priv
 .text.dev_get_parent_priv
                0x00000000000a1c54       0x40 drivers/core/device.o
                0x00000000000a1c54                dev_get_parent_priv
 .text.device_of_to_plat
                0x00000000000a1c94      0x150 drivers/core/device.o
                0x00000000000a1c94                device_of_to_plat
 .text.device_probe
                0x00000000000a1de4      0x180 drivers/core/device.o
                0x00000000000a1de4                device_probe
 .text.device_find_first_child
                0x00000000000a1f64       0x20 drivers/core/device.o
                0x00000000000a1f64                device_find_first_child
 .text.device_find_next_child
                0x00000000000a1f84       0x28 drivers/core/device.o
                0x00000000000a1f84                device_find_next_child
 .text.dev_get_parent
                0x00000000000a1fac        0x8 drivers/core/device.o
                0x00000000000a1fac                dev_get_parent
 .text.dev_get_driver_data
                0x00000000000a1fb4        0x8 drivers/core/device.o
                0x00000000000a1fb4                dev_get_driver_data
 .text.device_get_uclass_id
                0x00000000000a1fbc       0x10 drivers/core/device.o
                0x00000000000a1fbc                device_get_uclass_id
 .text.device_has_active_children
                0x00000000000a1fcc       0x3c drivers/core/device.o
                0x00000000000a1fcc                device_has_active_children
 .text.device_is_last_sibling
                0x00000000000a2008       0x24 drivers/core/device.o
                0x00000000000a2008                device_is_last_sibling
 .text.device_set_name_alloced
                0x00000000000a202c       0x10 drivers/core/device.o
                0x00000000000a202c                device_set_name_alloced
 .text.dev_set_priv
                0x00000000000a203c        0x8 drivers/core/device.o
                0x00000000000a203c                dev_set_priv
 .text.dev_set_parent_priv
                0x00000000000a2044        0x8 drivers/core/device.o
                0x00000000000a2044                dev_set_parent_priv
 .text.dev_set_uclass_priv
                0x00000000000a204c        0x8 drivers/core/device.o
                0x00000000000a204c                dev_set_uclass_priv
 .text.dev_set_plat
                0x00000000000a2054        0x8 drivers/core/device.o
                0x00000000000a2054                dev_set_plat
 .text.dev_set_parent_plat
                0x00000000000a205c        0x8 drivers/core/device.o
                0x00000000000a205c                dev_set_parent_plat
 .text.dev_set_uclass_plat
                0x00000000000a2064        0x8 drivers/core/device.o
                0x00000000000a2064                dev_set_uclass_plat
 .text.devfdt_get_addr_index
                0x00000000000a206c       0xd4 drivers/core/fdtaddr.o
                0x00000000000a206c                devfdt_get_addr_index
 .text.devfdt_get_addr
                0x00000000000a2140        0x8 drivers/core/fdtaddr.o
                0x00000000000a2140                devfdt_get_addr
 .text.devfdt_get_addr_ptr
                0x00000000000a2148       0x24 drivers/core/fdtaddr.o
                0x00000000000a2148                devfdt_get_addr_ptr
 .text.lists_driver_lookup_name
                0x00000000000a216c       0x78 drivers/core/lists.o
                0x00000000000a216c                lists_driver_lookup_name
 .text.lists_uclass_lookup
                0x00000000000a21e4       0x58 drivers/core/lists.o
                0x00000000000a21e4                lists_uclass_lookup
 .text.lists_bind_drivers
                0x00000000000a223c       0xe8 drivers/core/lists.o
                0x00000000000a223c                lists_bind_drivers
 .text.device_bind_driver_to_node
                0x00000000000a2324       0x5c drivers/core/lists.o
                0x00000000000a2324                device_bind_driver_to_node
 .text.device_bind_driver
                0x00000000000a2380        0xc drivers/core/lists.o
                0x00000000000a2380                device_bind_driver
 .text.lists_bind_fdt
                0x00000000000a238c      0x1ac drivers/core/lists.o
                0x00000000000a238c                lists_bind_fdt
 .text.dm_scan_fdt_node
                0x00000000000a2538       0xa4 drivers/core/root.o
 .text.dm_root  0x00000000000a25dc       0x38 drivers/core/root.o
                0x00000000000a25dc                dm_root
 .text.dm_init  0x00000000000a2614       0x68 drivers/core/root.o
                0x00000000000a2614                dm_init
 .text.dm_remove_devices_flags
                0x00000000000a267c       0x24 drivers/core/root.o
                0x00000000000a267c                dm_remove_devices_flags
 .text.dm_scan_plat
                0x00000000000a26a0       0x34 drivers/core/root.o
                0x00000000000a26a0                dm_scan_plat
 .text.dm_scan_fdt_dev
                0x00000000000a26d4       0x14 drivers/core/root.o
                0x00000000000a26d4                dm_scan_fdt_dev
 .text.dm_scan_fdt
                0x00000000000a26e8       0x14 drivers/core/root.o
                0x00000000000a26e8                dm_scan_fdt
 .text.dm_extended_scan
                0x00000000000a26fc       0x88 drivers/core/root.o
                0x00000000000a26fc                dm_extended_scan
 .text.dm_scan_other
                0x00000000000a2784        0x8 drivers/core/root.o
                0x00000000000a2784                dm_scan_other
 .text.dm_init_and_scan
                0x00000000000a278c       0x50 drivers/core/root.o
                0x00000000000a278c                dm_init_and_scan
 .text.uclass_find
                0x00000000000a27dc       0x50 drivers/core/uclass.o
                0x00000000000a27dc                uclass_find
 .text.uclass_get
                0x00000000000a282c      0x130 drivers/core/uclass.o
                0x00000000000a282c                uclass_get
 .text.uclass_get_priv
                0x00000000000a295c        0x8 drivers/core/uclass.o
                0x00000000000a295c                uclass_get_priv
 .text.dev_get_uclass_index
                0x00000000000a2964       0x58 drivers/core/uclass.o
                0x00000000000a2964                dev_get_uclass_index
 .text.uclass_find_device
                0x00000000000a29bc       0x78 drivers/core/uclass.o
                0x00000000000a29bc                uclass_find_device
 .text.uclass_find_first_device
                0x00000000000a2a34       0x48 drivers/core/uclass.o
                0x00000000000a2a34                uclass_find_first_device
 .text.uclass_find_next_device
                0x00000000000a2a7c       0x2c drivers/core/uclass.o
                0x00000000000a2a7c                uclass_find_next_device
 .text.uclass_find_device_by_name
                0x00000000000a2aa8       0x88 drivers/core/uclass.o
                0x00000000000a2aa8                uclass_find_device_by_name
 .text.uclass_find_next_free_seq
                0x00000000000a2b30       0x78 drivers/core/uclass.o
                0x00000000000a2b30                uclass_find_next_free_seq
 .text.uclass_find_device_by_seq
                0x00000000000a2ba8       0x7c drivers/core/uclass.o
                0x00000000000a2ba8                uclass_find_device_by_seq
 .text.uclass_find_device_by_of_offset
                0x00000000000a2c24       0x78 drivers/core/uclass.o
                0x00000000000a2c24                uclass_find_device_by_of_offset
 .text.uclass_find_device_by_ofnode
                0x00000000000a2c9c       0x78 drivers/core/uclass.o
                0x00000000000a2c9c                uclass_find_device_by_ofnode
 .text.uclass_find_device_by_phandle
                0x00000000000a2d14       0xb4 drivers/core/uclass.o
                0x00000000000a2d14                uclass_find_device_by_phandle
 .text.uclass_get_device_tail
                0x00000000000a2dc8       0x40 drivers/core/uclass.o
                0x00000000000a2dc8                uclass_get_device_tail
 .text.uclass_get_device
                0x00000000000a2e08       0x38 drivers/core/uclass.o
                0x00000000000a2e08                uclass_get_device
 .text.uclass_get_device_by_name
                0x00000000000a2e40       0x38 drivers/core/uclass.o
                0x00000000000a2e40                uclass_get_device_by_name
 .text.uclass_get_device_by_seq
                0x00000000000a2e78       0x38 drivers/core/uclass.o
                0x00000000000a2e78                uclass_get_device_by_seq
 .text.uclass_get_device_by_of_offset
                0x00000000000a2eb0       0x38 drivers/core/uclass.o
                0x00000000000a2eb0                uclass_get_device_by_of_offset
 .text.uclass_get_device_by_ofnode